Script started on Thu Feb 13 00:01:32 2020
[?1034hbash-3.2$ who am i
diaoqinyu ttys003  Feb 13 00:01 
bash-3.2$ mvn validate
[[1;34mINFO[m] Scanning for projects...
[[1;34mINFO[m] 
[[1;34mINFO[m] [1m---------------------< [0;36mcom.mycompany.app:app-name[0;1m >---------------------[m
[[1;34mINFO[m] [1mBuilding app-name 1.0-SNAPSHOT[m
[[1;34mINFO[m] [1m--------------------------------[ jar ]---------------------------------[m
[[1;34mINFO[m] [1m------------------------------------------------------------------------[m
[[1;34mINFO[m] [1;32mBUILD SUCCESS[m
[[1;34mINFO[m] [1m------------------------------------------------------------------------[m
[[1;34mINFO[m] Total time:  0.083 s
[[1;34mINFO[m] Finished at: 2020-02-13T00:01:43-06:00
[[1;34mINFO[m] [1m------------------------------------------------------------------------[m
bash-3.2$ mvn compile
[[1;34mINFO[m] Scanning for projects...
[[1;34mINFO[m] 
[[1;34mINFO[m] [1m---------------------< [0;36mcom.mycompany.app:app-name[0;1m >---------------------[m
[[1;34mINFO[m] [1mBuilding app-name 1.0-SNAPSHOT[m
[[1;34mINFO[m] [1m--------------------------------[ jar ]---------------------------------[m
[[1;34mINFO[m] 
[[1;34mINFO[m] [1m--- [0;32mmaven-resources-plugin:3.0.2:resources[m [1m(default-resources)[m @ [36mapp-name[0;1m ---[m
[[1;34mINFO[m] Using 'UTF-8' encoding to copy filtered resources.
[[1;34mINFO[m] skip non existing resourceDirectory /Users/diaoqinyu/Desktop/EE461L/tutorial_3/tutorial_maven/app-name/src/main/resources
[[1;34mINFO[m] 
[[1;34mINFO[m] [1m--- [0;32mmaven-compiler-plugin:3.8.0:compile[m [1m(default-compile)[m @ [36mapp-name[0;1m ---[m
[[1;34mINFO[m] Nothing to compile - all classes are up to date
[[1;34mINFO[m] [1m------------------------------------------------------------------------[m
[[1;34mINFO[m] [1;32mBUILD SUCCESS[m
[[1;34mINFO[m] [1m------------------------------------------------------------------------[m
[[1;34mINFO[m] Total time:  0.601 s
[[1;34mINFO[m] Finished at: 2020-02-13T00:01:48-06:00
[[1;34mINFO[m] [1m------------------------------------------------------------------------[m
bash-3.2$ mvn test
[[1;34mINFO[m] Scanning for projects...
[[1;34mINFO[m] 
[[1;34mINFO[m] [1m---------------------< [0;36mcom.mycompany.app:app-name[0;1m >---------------------[m
[[1;34mINFO[m] [1mBuilding app-name 1.0-SNAPSHOT[m
[[1;34mINFO[m] [1m--------------------------------[ jar ]---------------------------------[m
[[1;34mINFO[m] 
[[1;34mINFO[m] [1m--- [0;32mmaven-resources-plugin:3.0.2:resources[m [1m(default-resources)[m @ [36mapp-name[0;1m ---[m
[[1;34mINFO[m] Using 'UTF-8' encoding to copy filtered resources.
[[1;34mINFO[m] skip non existing resourceDirectory /Users/diaoqinyu/Desktop/EE461L/tutorial_3/tutorial_maven/app-name/src/main/resources
[[1;34mINFO[m] 
[[1;34mINFO[m] [1m--- [0;32mmaven-compiler-plugin:3.8.0:compile[m [1m(default-compile)[m @ [36mapp-name[0;1m ---[m
[[1;34mINFO[m] Nothing to compile - all classes are up to date
[[1;34mINFO[m] 
[[1;34mINFO[m] [1m--- [0;32mmaven-resources-plugin:3.0.2:testResources[m [1m(default-testResources)[m @ [36mapp-name[0;1m ---[m
[[1;34mINFO[m] Using 'UTF-8' encoding to copy filtered resources.
[[1;34mINFO[m] skip non existing resourceDirectory /Users/diaoqinyu/Desktop/EE461L/tutorial_3/tutorial_maven/app-name/src/test/resources
[[1;34mINFO[m] 
[[1;34mINFO[m] [1m--- [0;32mmaven-compiler-plugin:3.8.0:testCompile[m [1m(default-testCompile)[m @ [36mapp-name[0;1m ---[m
[[1;34mINFO[m] Nothing to compile - all classes are up to date
[[1;34mINFO[m] 
[[1;34mINFO[m] [1m--- [0;32mmaven-surefire-plugin:2.22.1:test[m [1m(default-test)[m @ [36mapp-name[0;1m ---[m
[[1;34mINFO[m] 
[[1;34mINFO[m] -------------------------------------------------------
[[1;34mINFO[m]  T E S T S
[[1;34mINFO[m] -------------------------------------------------------
[[1;34mINFO[m] Running com.mycompany.app.[1mAppTest[m
[[1;34mINFO[m] [1;32mTests run: [0;1;32m1[m, Failures: 0, Errors: 0, Skipped: 0, Time elapsed: 0.026 s - in com.mycompany.app.[1mAppTest[m
[[1;34mINFO[m] 
[[1;34mINFO[m] Results:
[[1;34mINFO[m] 
[[1;34mINFO[m] [1;32mTests run: 1, Failures: 0, Errors: 0, Skipped: 0[m
[[1;34mINFO[m] 
[[1;34mINFO[m] [1m------------------------------------------------------------------------[m
[[1;34mINFO[m] [1;32mBUILD SUCCESS[m
[[1;34mINFO[m] [1m------------------------------------------------------------------------[m
[[1;34mINFO[m] Total time:  1.387 s
[[1;34mINFO[m] Finished at: 2020-02-13T00:01:53-06:00
[[1;34mINFO[m] [1m------------------------------------------------------------------------[m
bash-3.2$ mvn integration-test[K[K[K[K[K[K[K[K[K[K[K[K[K[K[K[Kpackage
[[1;34mINFO[m] Scanning for projects...
[[1;34mINFO[m] 
[[1;34mINFO[m] [1m---------------------< [0;36mcom.mycompany.app:app-name[0;1m >---------------------[m
[[1;34mINFO[m] [1mBuilding app-name 1.0-SNAPSHOT[m
[[1;34mINFO[m] [1m--------------------------------[ jar ]---------------------------------[m
[[1;34mINFO[m] 
[[1;34mINFO[m] [1m--- [0;32mmaven-resources-plugin:3.0.2:resources[m [1m(default-resources)[m @ [36mapp-name[0;1m ---[m
[[1;34mINFO[m] Using 'UTF-8' encoding to copy filtered resources.
[[1;34mINFO[m] skip non existing resourceDirectory /Users/diaoqinyu/Desktop/EE461L/tutorial_3/tutorial_maven/app-name/src/main/resources
[[1;34mINFO[m] 
[[1;34mINFO[m] [1m--- [0;32mmaven-compiler-plugin:3.8.0:compile[m [1m(default-compile)[m @ [36mapp-name[0;1m ---[m
[[1;34mINFO[m] Nothing to compile - all classes are up to date
[[1;34mINFO[m] 
[[1;34mINFO[m] [1m--- [0;32mmaven-resources-plugin:3.0.2:testResources[m [1m(default-testResources)[m @ [36mapp-name[0;1m ---[m
[[1;34mINFO[m] Using 'UTF-8' encoding to copy filtered resources.
[[1;34mINFO[m] skip non existing resourceDirectory /Users/diaoqinyu/Desktop/EE461L/tutorial_3/tutorial_maven/app-name/src/test/resources
[[1;34mINFO[m] 
[[1;34mINFO[m] [1m--- [0;32mmaven-compiler-plugin:3.8.0:testCompile[m [1m(default-testCompile)[m @ [36mapp-name[0;1m ---[m
[[1;34mINFO[m] Nothing to compile - all classes are up to date
[[1;34mINFO[m] 
[[1;34mINFO[m] [1m--- [0;32mmaven-surefire-plugin:2.22.1:test[m [1m(default-test)[m @ [36mapp-name[0;1m ---[m
[[1;34mINFO[m] 
[[1;34mINFO[m] -------------------------------------------------------
[[1;34mINFO[m]  T E S T S
[[1;34mINFO[m] -------------------------------------------------------
[[1;34mINFO[m] Running com.mycompany.app.[1mAppTest[m
[[1;34mINFO[m] [1;32mTests run: [0;1;32m1[m, Failures: 0, Errors: 0, Skipped: 0, Time elapsed: 0.024 s - in com.mycompany.app.[1mAppTest[m
[[1;34mINFO[m] 
[[1;34mINFO[m] Results:
[[1;34mINFO[m] 
[[1;34mINFO[m] [1;32mTests run: 1, Failures: 0, Errors: 0, Skipped: 0[m
[[1;34mINFO[m] 
[[1;34mINFO[m] 
[[1;34mINFO[m] [1m--- [0;32mmaven-jar-plugin:3.0.2:jar[m [1m(default-jar)[m @ [36mapp-name[0;1m ---[m
[[1;34mINFO[m] [1m------------------------------------------------------------------------[m
[[1;34mINFO[m] [1;32mBUILD SUCCESS[m
[[1;34mINFO[m] [1m------------------------------------------------------------------------[m
[[1;34mINFO[m] Total time:  1.535 s
[[1;34mINFO[m] Finished at: 2020-02-13T00:02:19-06:00
[[1;34mINFO[m] [1m------------------------------------------------------------------------[m
bash-3.2$ mvn integration-test
[[1;34mINFO[m] Scanning for projects...
[[1;34mINFO[m] 
[[1;34mINFO[m] [1m---------------------< [0;36mcom.mycompany.app:app-name[0;1m >---------------------[m
[[1;34mINFO[m] [1mBuilding app-name 1.0-SNAPSHOT[m
[[1;34mINFO[m] [1m--------------------------------[ jar ]---------------------------------[m
[[1;34mINFO[m] 
[[1;34mINFO[m] [1m--- [0;32mmaven-resources-plugin:3.0.2:resources[m [1m(default-resources)[m @ [36mapp-name[0;1m ---[m
[[1;34mINFO[m] Using 'UTF-8' encoding to copy filtered resources.
[[1;34mINFO[m] skip non existing resourceDirectory /Users/diaoqinyu/Desktop/EE461L/tutorial_3/tutorial_maven/app-name/src/main/resources
[[1;34mINFO[m] 
[[1;34mINFO[m] [1m--- [0;32mmaven-compiler-plugin:3.8.0:compile[m [1m(default-compile)[m @ [36mapp-name[0;1m ---[m
[[1;34mINFO[m] Nothing to compile - all classes are up to date
[[1;34mINFO[m] 
[[1;34mINFO[m] [1m--- [0;32mmaven-resources-plugin:3.0.2:testResources[m [1m(default-testResources)[m @ [36mapp-name[0;1m ---[m
[[1;34mINFO[m] Using 'UTF-8' encoding to copy filtered resources.
[[1;34mINFO[m] skip non existing resourceDirectory /Users/diaoqinyu/Desktop/EE461L/tutorial_3/tutorial_maven/app-name/src/test/resources
[[1;34mINFO[m] 
[[1;34mINFO[m] [1m--- [0;32mmaven-compiler-plugin:3.8.0:testCompile[m [1m(default-testCompile)[m @ [36mapp-name[0;1m ---[m
[[1;34mINFO[m] Nothing to compile - all classes are up to date
[[1;34mINFO[m] 
[[1;34mINFO[m] [1m--- [0;32mmaven-surefire-plugin:2.22.1:test[m [1m(default-test)[m @ [36mapp-name[0;1m ---[m
[[1;34mINFO[m] 
[[1;34mINFO[m] -------------------------------------------------------
[[1;34mINFO[m]  T E S T S
[[1;34mINFO[m] -------------------------------------------------------
[[1;34mINFO[m] Running com.mycompany.app.[1mAppTest[m
[[1;34mINFO[m] [1;32mTests run: [0;1;32m1[m, Failures: 0, Errors: 0, Skipped: 0, Time elapsed: 0.024 s - in com.mycompany.app.[1mAppTest[m
[[1;34mINFO[m] 
[[1;34mINFO[m] Results:
[[1;34mINFO[m] 
[[1;34mINFO[m] [1;32mTests run: 1, Failures: 0, Errors: 0, Skipped: 0[m
[[1;34mINFO[m] 
[[1;34mINFO[m] 
[[1;34mINFO[m] [1m--- [0;32mmaven-jar-plugin:3.0.2:jar[m [1m(default-jar)[m @ [36mapp-name[0;1m ---[m
[[1;34mINFO[m] [1m------------------------------------------------------------------------[m
[[1;34mINFO[m] [1;32mBUILD SUCCESS[m
[[1;34mINFO[m] [1m------------------------------------------------------------------------[m
[[1;34mINFO[m] Total time:  1.469 s
[[1;34mINFO[m] Finished at: 2020-02-13T00:02:28-06:00
[[1;34mINFO[m] [1m------------------------------------------------------------------------[m
bash-3.2$ mvn verify
[[1;34mINFO[m] Scanning for projects...
[[1;34mINFO[m] 
[[1;34mINFO[m] [1m---------------------< [0;36mcom.mycompany.app:app-name[0;1m >---------------------[m
[[1;34mINFO[m] [1mBuilding app-name 1.0-SNAPSHOT[m
[[1;34mINFO[m] [1m--------------------------------[ jar ]---------------------------------[m
[[1;34mINFO[m] 
[[1;34mINFO[m] [1m--- [0;32mmaven-resources-plugin:3.0.2:resources[m [1m(default-resources)[m @ [36mapp-name[0;1m ---[m
[[1;34mINFO[m] Using 'UTF-8' encoding to copy filtered resources.
[[1;34mINFO[m] skip non existing resourceDirectory /Users/diaoqinyu/Desktop/EE461L/tutorial_3/tutorial_maven/app-name/src/main/resources
[[1;34mINFO[m] 
[[1;34mINFO[m] [1m--- [0;32mmaven-compiler-plugin:3.8.0:compile[m [1m(default-compile)[m @ [36mapp-name[0;1m ---[m
[[1;34mINFO[m] Nothing to compile - all classes are up to date
[[1;34mINFO[m] 
[[1;34mINFO[m] [1m--- [0;32mmaven-resources-plugin:3.0.2:testResources[m [1m(default-testResources)[m @ [36mapp-name[0;1m ---[m
[[1;34mINFO[m] Using 'UTF-8' encoding to copy filtered resources.
[[1;34mINFO[m] skip non existing resourceDirectory /Users/diaoqinyu/Desktop/EE461L/tutorial_3/tutorial_maven/app-name/src/test/resources
[[1;34mINFO[m] 
[[1;34mINFO[m] [1m--- [0;32mmaven-compiler-plugin:3.8.0:testCompile[m [1m(default-testCompile)[m @ [36mapp-name[0;1m ---[m
[[1;34mINFO[m] Nothing to compile - all classes are up to date
[[1;34mINFO[m] 
[[1;34mINFO[m] [1m--- [0;32mmaven-surefire-plugin:2.22.1:test[m [1m(default-test)[m @ [36mapp-name[0;1m ---[m
[[1;34mINFO[m] 
[[1;34mINFO[m] -------------------------------------------------------
[[1;34mINFO[m]  T E S T S
[[1;34mINFO[m] -------------------------------------------------------
[[1;34mINFO[m] Running com.mycompany.app.[1mAppTest[m
[[1;34mINFO[m] [1;32mTests run: [0;1;32m1[m, Failures: 0, Errors: 0, Skipped: 0, Time elapsed: 0.022 s - in com.mycompany.app.[1mAppTest[m
[[1;34mINFO[m] 
[[1;34mINFO[m] Results:
[[1;34mINFO[m] 
[[1;34mINFO[m] [1;32mTests run: 1, Failures: 0, Errors: 0, Skipped: 0[m
[[1;34mINFO[m] 
[[1;34mINFO[m] 
[[1;34mINFO[m] [1m--- [0;32mmaven-jar-plugin:3.0.2:jar[m [1m(default-jar)[m @ [36mapp-name[0;1m ---[m
[[1;34mINFO[m] [1m------------------------------------------------------------------------[m
[[1;34mINFO[m] [1;32mBUILD SUCCESS[m
[[1;34mINFO[m] [1m------------------------------------------------------------------------[m
[[1;34mINFO[m] Total time:  1.475 s
[[1;34mINFO[m] Finished at: 2020-02-13T00:02:35-06:00
[[1;34mINFO[m] [1m------------------------------------------------------------------------[m
bash-3.2$ mvn install
[[1;34mINFO[m] Scanning for projects...
[[1;34mINFO[m] 
[[1;34mINFO[m] [1m---------------------< [0;36mcom.mycompany.app:app-name[0;1m >---------------------[m
[[1;34mINFO[m] [1mBuilding app-name 1.0-SNAPSHOT[m
[[1;34mINFO[m] [1m--------------------------------[ jar ]---------------------------------[m
[[1;34mINFO[m] 
[[1;34mINFO[m] [1m--- [0;32mmaven-resources-plugin:3.0.2:resources[m [1m(default-resources)[m @ [36mapp-name[0;1m ---[m
[[1;34mINFO[m] Using 'UTF-8' encoding to copy filtered resources.
[[1;34mINFO[m] skip non existing resourceDirectory /Users/diaoqinyu/Desktop/EE461L/tutorial_3/tutorial_maven/app-name/src/main/resources
[[1;34mINFO[m] 
[[1;34mINFO[m] [1m--- [0;32mmaven-compiler-plugin:3.8.0:compile[m [1m(default-compile)[m @ [36mapp-name[0;1m ---[m
[[1;34mINFO[m] Nothing to compile - all classes are up to date
[[1;34mINFO[m] 
[[1;34mINFO[m] [1m--- [0;32mmaven-resources-plugin:3.0.2:testResources[m [1m(default-testResources)[m @ [36mapp-name[0;1m ---[m
[[1;34mINFO[m] Using 'UTF-8' encoding to copy filtered resources.
[[1;34mINFO[m] skip non existing resourceDirectory /Users/diaoqinyu/Desktop/EE461L/tutorial_3/tutorial_maven/app-name/src/test/resources
[[1;34mINFO[m] 
[[1;34mINFO[m] [1m--- [0;32mmaven-compiler-plugin:3.8.0:testCompile[m [1m(default-testCompile)[m @ [36mapp-name[0;1m ---[m
[[1;34mINFO[m] Nothing to compile - all classes are up to date
[[1;34mINFO[m] 
[[1;34mINFO[m] [1m--- [0;32mmaven-surefire-plugin:2.22.1:test[m [1m(default-test)[m @ [36mapp-name[0;1m ---[m
[[1;34mINFO[m] 
[[1;34mINFO[m] -------------------------------------------------------
[[1;34mINFO[m]  T E S T S
[[1;34mINFO[m] -------------------------------------------------------
[[1;34mINFO[m] Running com.mycompany.app.[1mAppTest[m
[[1;34mINFO[m] [1;32mTests run: [0;1;32m1[m, Failures: 0, Errors: 0, Skipped: 0, Time elapsed: 0.024 s - in com.mycompany.app.[1mAppTest[m
[[1;34mINFO[m] 
[[1;34mINFO[m] Results:
[[1;34mINFO[m] 
[[1;34mINFO[m] [1;32mTests run: 1, Failures: 0, Errors: 0, Skipped: 0[m
[[1;34mINFO[m] 
[[1;34mINFO[m] 
[[1;34mINFO[m] [1m--- [0;32mmaven-jar-plugin:3.0.2:jar[m [1m(default-jar)[m @ [36mapp-name[0;1m ---[m
[[1;34mINFO[m] 
[[1;34mINFO[m] [1m--- [0;32mmaven-install-plugin:2.5.2:install[m [1m(default-install)[m @ [36mapp-name[0;1m ---[m
[[1;34mINFO[m] Installing /Users/diaoqinyu/Desktop/EE461L/tutorial_3/tutorial_maven/app-name/target/app-name-1.0-SNAPSHOT.jar to /Users/diaoqinyu/.m2/repository/com/mycompany/app/app-name/1.0-SNAPSHOT/app-name-1.0-SNAPSHOT.jar
[[1;34mINFO[m] Installing /Users/diaoqinyu/Desktop/EE461L/tutorial_3/tutorial_maven/app-name/pom.xml to /Users/diaoqinyu/.m2/repository/com/mycompany/app/app-name/1.0-SNAPSHOT/app-name-1.0-SNAPSHOT.pom
[[1;34mINFO[m] [1m------------------------------------------------------------------------[m
[[1;34mINFO[m] [1;32mBUILD SUCCESS[m
[[1;34mINFO[m] [1m------------------------------------------------------------------------[m
[[1;34mINFO[m] Total time:  1.470 s
[[1;34mINFO[m] Finished at: 2020-02-13T00:02:40-06:00
[[1;34mINFO[m] [1m------------------------------------------------------------------------[m
bash-3.2$ mvn site
[[1;34mINFO[m] Scanning for projects...
[[1;34mINFO[m] 
[[1;34mINFO[m] [1m---------------------< [0;36mcom.mycompany.app:app-name[0;1m >---------------------[m
[[1;34mINFO[m] [1mBuilding app-name 1.0-SNAPSHOT[m
[[1;34mINFO[m] [1m--------------------------------[ jar ]---------------------------------[m
[[1;34mINFO[m] 
[[1;34mINFO[m] [1m--- [0;32mmaven-site-plugin:3.7.1:site[m [1m(default-site)[m @ [36mapp-name[0;1m ---[m
[[1;34mINFO[m] configuring report plugin org.apache.maven.plugins:maven-project-info-reports-plugin:3.0.0
[[1;34mINFO[m] 15 reports detected for maven-project-info-reports-plugin:3.0.0: ci-management, dependencies, dependency-info, dependency-management, distribution-management, index, issue-management, licenses, mailing-lists, modules, plugin-management, plugins, scm, summary, team
[[1;34mINFO[m] [1mRendering site with default locale English (en)[m
[[1;34mINFO[m] Relativizing decoration links with respect to localized project URL: http://www.example.com
[[1;34mINFO[m] Rendering content with [1morg.apache.maven.skins:maven-default-skin:jar:1.2 skin[m.
[[1;34mINFO[m] Generating "[1mDependencies[m" report [1m --- [0;32mmaven-project-info-reports-plugin:3.0.0:dependencies[m
[[1;34mINFO[m] Generating "[1mDependency Information[m" report[1m --- [0;32mmaven-project-info-reports-plugin:3.0.0:dependency-info[m
[[1;34mINFO[m] Generating "[1mAbout[m" report        [1m --- [0;32mmaven-project-info-reports-plugin:3.0.0:index[m
[[1;34mINFO[m] Generating "[1mPlugin Management[m" report[1m --- [0;32mmaven-project-info-reports-plugin:3.0.0:plugin-management[m
[[1;34mINFO[m] Generating "[1mPlugins[m" report      [1m --- [0;32mmaven-project-info-reports-plugin:3.0.0:plugins[m
[[1;34mINFO[m] Generating "[1mSummary[m" report      [1m --- [0;32mmaven-project-info-reports-plugin:3.0.0:summary[m
[[1;34mINFO[m] [1m------------------------------------------------------------------------[m
[[1;34mINFO[m] [1;32mBUILD SUCCESS[m
[[1;34mINFO[m] [1m------------------------------------------------------------------------[m
[[1;34mINFO[m] Total time:  2.082 s
[[1;34mINFO[m] Finished at: 2020-02-13T00:02:50-06:00
[[1;34mINFO[m] [1m------------------------------------------------------------------------[m
bash-3.2$ mvn clean
[[1;34mINFO[m] Scanning for projects...
[[1;34mINFO[m] 
[[1;34mINFO[m] [1m---------------------< [0;36mcom.mycompany.app:app-name[0;1m >---------------------[m
[[1;34mINFO[m] [1mBuilding app-name 1.0-SNAPSHOT[m
[[1;34mINFO[m] [1m--------------------------------[ jar ]---------------------------------[m
[[1;34mINFO[m] 
[[1;34mINFO[m] [1m--- [0;32mmaven-clean-plugin:3.1.0:clean[m [1m(default-clean)[m @ [36mapp-name[0;1m ---[m
[[1;34mINFO[m] Deleting /Users/diaoqinyu/Desktop/EE461L/tutorial_3/tutorial_maven/app-name/target
[[1;34mINFO[m] [1m------------------------------------------------------------------------[m
[[1;34mINFO[m] [1;32mBUILD SUCCESS[m
[[1;34mINFO[m] [1m------------------------------------------------------------------------[m
[[1;34mINFO[m] Total time:  0.236 s
[[1;34mINFO[m] Finished at: 2020-02-13T00:02:53-06:00
[[1;34mINFO[m] [1m------------------------------------------------------------------------[m
bash-3.2$ mvn package
[[1;34mINFO[m] Scanning for projects...
[[1;34mINFO[m] 
[[1;34mINFO[m] [1m---------------------< [0;36mcom.mycompany.app:app-name[0;1m >---------------------[m
[[1;34mINFO[m] [1mBuilding app-name 1.0-SNAPSHOT[m
[[1;34mINFO[m] [1m--------------------------------[ jar ]---------------------------------[m
[[1;34mINFO[m] 
[[1;34mINFO[m] [1m--- [0;32mmaven-resources-plugin:3.0.2:resources[m [1m(default-resources)[m @ [36mapp-name[0;1m ---[m
[[1;34mINFO[m] Using 'UTF-8' encoding to copy filtered resources.
[[1;34mINFO[m] skip non existing resourceDirectory /Users/diaoqinyu/Desktop/EE461L/tutorial_3/tutorial_maven/app-name/src/main/resources
[[1;34mINFO[m] 
[[1;34mINFO[m] [1m--- [0;32mmaven-compiler-plugin:3.8.0:compile[m [1m(default-compile)[m @ [36mapp-name[0;1m ---[m
[[1;34mINFO[m] Changes detected - recompiling the module!
[[1;34mINFO[m] Compiling 1 source file to /Users/diaoqinyu/Desktop/EE461L/tutorial_3/tutorial_maven/app-name/target/classes
[[1;34mINFO[m] 
[[1;34mINFO[m] [1m--- [0;32mmaven-resources-plugin:3.0.2:testResources[m [1m(default-testResources)[m @ [36mapp-name[0;1m ---[m
[[1;34mINFO[m] Using 'UTF-8' encoding to copy filtered resources.
[[1;34mINFO[m] skip non existing resourceDirectory /Users/diaoqinyu/Desktop/EE461L/tutorial_3/tutorial_maven/app-name/src/test/resources
[[1;34mINFO[m] 
[[1;34mINFO[m] [1m--- [0;32mmaven-compiler-plugin:3.8.0:testCompile[m [1m(default-testCompile)[m @ [36mapp-name[0;1m ---[m
[[1;34mINFO[m] Changes detected - recompiling the module!
[[1;34mINFO[m] Compiling 1 source file to /Users/diaoqinyu/Desktop/EE461L/tutorial_3/tutorial_maven/app-name/target/test-classes
[[1;34mINFO[m] 
[[1;34mINFO[m] [1m--- [0;32mmaven-surefire-plugin:2.22.1:test[m [1m(default-test)[m @ [36mapp-name[0;1m ---[m
[[1;34mINFO[m] 
[[1;34mINFO[m] -------------------------------------------------------
[[1;34mINFO[m]  T E S T S
[[1;34mINFO[m] -------------------------------------------------------
[[1;34mINFO[m] Running com.mycompany.app.[1mAppTest[m
[[1;34mINFO[m] [1;32mTests run: [0;1;32m1[m, Failures: 0, Errors: 0, Skipped: 0, Time elapsed: 0.023 s - in com.mycompany.app.[1mAppTest[m
[[1;34mINFO[m] 
[[1;34mINFO[m] Results:
[[1;34mINFO[m] 
[[1;34mINFO[m] [1;32mTests run: 1, Failures: 0, Errors: 0, Skipped: 0[m
[[1;34mINFO[m] 
[[1;34mINFO[m] 
[[1;34mINFO[m] [1m--- [0;32mmaven-jar-plugin:3.0.2:jar[m [1m(default-jar)[m @ [36mapp-name[0;1m ---[m
[[1;34mINFO[m] Building jar: /Users/diaoqinyu/Desktop/EE461L/tutorial_3/tutorial_maven/app-name/target/app-name-1.0-SNAPSHOT.jar
[[1;34mINFO[m] [1m------------------------------------------------------------------------[m
[[1;34mINFO[m] [1;32mBUILD SUCCESS[m
[[1;34mINFO[m] [1m------------------------------------------------------------------------[m
[[1;34mINFO[m] Total time:  1.869 s
[[1;34mINFO[m] Finished at: 2020-02-13T00:03:03-06:00
[[1;34mINFO[m] [1m------------------------------------------------------------------------[m
bash-3.2$           <configuration>
bash: syntax error near unexpected token `newline'
bash-3.2$             <archive>
bash: syntax error near unexpected token `newline'
bash-3.2$               <manifest>
bash: syntax error near unexpected token `newline'
bash-3.2$                 <mainClass>com.mycompany.app.App</mainClass>
bash: syntax error near unexpected token `newline'
bash-3.2$               </manifest>
bash: syntax error near unexpected token `newline'
bash-3.2$             </archive>
bash: syntax error near unexpected token `newline'
bash-3.2$           </configuration> [K[K[K[K[K[K[K[K[K[K[K[K[K[K[K[K[K[K[K[K[K[K[K[K[K[K[Kjava -jar target/app-name-1.0-SNAPSHOT.jar
Hello World!
bash-3.2$ mvn compile
[[1;34mINFO[m] Scanning for projects...
[[1;34mINFO[m] 
[[1;34mINFO[m] [1m---------------------< [0;36mcom.mycompany.app:app-name[0;1m >---------------------[m
[[1;34mINFO[m] [1mBuilding app-name 1.0-SNAPSHOT[m
[[1;34mINFO[m] [1m--------------------------------[ jar ]---------------------------------[m
[[1;34mINFO[m] 
[[1;34mINFO[m] [1m--- [0;32mmaven-resources-plugin:3.0.2:resources[m [1m(default-resources)[m @ [36mapp-name[0;1m ---[m
[[1;34mINFO[m] Using 'UTF-8' encoding to copy filtered resources.
[[1;34mINFO[m] skip non existing resourceDirectory /Users/diaoqinyu/Desktop/EE461L/tutorial_3/tutorial_maven/app-name/src/main/resources
[[1;34mINFO[m] 
[[1;34mINFO[m] [1m--- [0;32mmaven-compiler-plugin:3.8.0:compile[m [1m(default-compile)[m @ [36mapp-name[0;1m ---[m
[[1;34mINFO[m] Nothing to compile - all classes are up to date
[[1;34mINFO[m] [1m------------------------------------------------------------------------[m
[[1;34mINFO[m] [1;32mBUILD SUCCESS[m
[[1;34mINFO[m] [1m------------------------------------------------------------------------[m
[[1;34mINFO[m] Total time:  0.390 s
[[1;34mINFO[m] Finished at: 2020-02-13T00:03:40-06:00
[[1;34mINFO[m] [1m------------------------------------------------------------------------[m
bash-3.2$ mvn exec:java -Dexec.mainClass="com.mycompany.app.App"
[[1;34mINFO[m] Scanning for projects...
Downloading from central: https://repo.maven.apache.org/maven2/org/apache/maven/plugins/maven-deploy-plugin/2.8.2/maven-deploy-plugin-2.8.2.jar
Progress (1): 2.2/34 kB
Progress (1): 5.0/34 kB
Progress (1): 7.7/34 kB
Progress (1): 10/34 kB 
Progress (1): 13/34 kB
Progress (1): 16/34 kB
Progress (1): 19/34 kB
Progress (1): 21/34 kB
Progress (1): 24/34 kB
Progress (1): 27/34 kB
Progress (1): 30/34 kB
Progress (1): 32/34 kB
Progress (1): 34 kB   
                   
Downloaded from central: https://repo.maven.apache.org/maven2/org/apache/maven/plugins/maven-deploy-plugin/2.8.2/maven-deploy-plugin-2.8.2.jar (34 kB at 76 kB/s)
Downloading from central: https://repo.maven.apache.org/maven2/org/codehaus/mojo/exec-maven-plugin/1.2.1/exec-maven-plugin-1.2.1.pom
Progress (1): 2.8/7.7 kB
Progress (1): 5.5/7.7 kB
Progress (1): 7.7 kB    
                    
Downloaded from central: https://repo.maven.apache.org/maven2/org/codehaus/mojo/exec-maven-plugin/1.2.1/exec-maven-plugin-1.2.1.pom (7.7 kB at 105 kB/s)
Downloading from central: https://repo.maven.apache.org/maven2/org/codehaus/mojo/mojo-parent/28/mojo-parent-28.pom
Progress (1): 2.2/26 kB
Progress (1): 5.0/26 kB
Progress (1): 7.8/26 kB
Progress (1): 11/26 kB 
Progress (1): 13/26 kB
Progress (1): 16/26 kB
Progress (1): 19/26 kB
Progress (1): 21/26 kB
Progress (1): 24/26 kB
Progress (1): 26 kB   
                   
Downloaded from central: https://repo.maven.apache.org/maven2/org/codehaus/mojo/mojo-parent/28/mojo-parent-28.pom (26 kB at 456 kB/s)
Downloading from central: https://repo.maven.apache.org/maven2/org/codehaus/codehaus-parent/3/codehaus-parent-3.pom
Progress (1): 2.2/4.1 kB
Progress (1): 4.1 kB    
                    
Downloaded from central: https://repo.maven.apache.org/maven2/org/codehaus/codehaus-parent/3/codehaus-parent-3.pom (4.1 kB at 75 kB/s)
Downloading from central: https://repo.maven.apache.org/maven2/org/codehaus/mojo/exec-maven-plugin/1.2.1/exec-maven-plugin-1.2.1.jar
Progress (1): 2.2/38 kB
Progress (1): 5.0/38 kB
Progress (1): 7.8/38 kB
Progress (1): 11/38 kB 
Progress (1): 13/38 kB
Progress (1): 16/38 kB
Progress (1): 19/38 kB
Progress (1): 21/38 kB
Progress (1): 24/38 kB
Progress (1): 27/38 kB
Progress (1): 30/38 kB
Progress (1): 32/38 kB
Progress (1): 35/38 kB
Progress (1): 38/38 kB
Progress (1): 38 kB   
                   
Downloaded from central: https://repo.maven.apache.org/maven2/org/codehaus/mojo/exec-maven-plugin/1.2.1/exec-maven-plugin-1.2.1.jar (38 kB at 700 kB/s)
[[1;34mINFO[m] 
[[1;34mINFO[m] [1m---------------------< [0;36mcom.mycompany.app:app-name[0;1m >---------------------[m
[[1;34mINFO[m] [1mBuilding app-name 1.0-SNAPSHOT[m
[[1;34mINFO[m] [1m--------------------------------[ jar ]---------------------------------[m
[[1;34mINFO[m] 
[[1;34mINFO[m] [1m>>> [0;32mexec-maven-plugin:1.2.1:java[m [1m(default-cli)[0;1m > [0;1mvalidate[m @ [36mapp-name[0;1m >>>[m
[[1;34mINFO[m] 
[[1;34mINFO[m] [1m<<< [0;32mexec-maven-plugin:1.2.1:java[m [1m(default-cli)[0;1m < [0;1mvalidate[m @ [36mapp-name[0;1m <<<[m
[[1;34mINFO[m] 
[[1;34mINFO[m] 
[[1;34mINFO[m] [1m--- [0;32mexec-maven-plugin:1.2.1:java[m [1m(default-cli)[m @ [36mapp-name[0;1m ---[m
Downloading from central: https://repo.maven.apache.org/maven2/org/apache/maven/maven-toolchain/1.0/maven-toolchain-1.0.pom
Progress (1): 2.2/3.4 kB
Progress (1): 3.4 kB    
                    
Downloaded from central: https://repo.maven.apache.org/maven2/org/apache/maven/maven-toolchain/1.0/maven-toolchain-1.0.pom (3.4 kB at 70 kB/s)
Downloading from central: https://repo.maven.apache.org/maven2/org/apache/maven/maven/2.0.6/maven-2.0.6.pom
Progress (1): 2.2/9.0 kB
Progress (1): 5.0/9.0 kB
Progress (1): 7.8/9.0 kB
Progress (1): 9.0 kB    
                    
Downloaded from central: https://repo.maven.apache.org/maven2/org/apache/maven/maven/2.0.6/maven-2.0.6.pom (9.0 kB at 177 kB/s)
Downloading from central: https://repo.maven.apache.org/maven2/org/apache/maven/maven-parent/5/maven-parent-5.pom
Progress (1): 2.2/15 kB
Progress (1): 5.0/15 kB
Progress (1): 7.8/15 kB
Progress (1): 11/15 kB 
Progress (1): 13/15 kB
Progress (1): 15 kB   
                   
Downloaded from central: https://repo.maven.apache.org/maven2/org/apache/maven/maven-parent/5/maven-parent-5.pom (15 kB at 331 kB/s)
Downloading from central: https://repo.maven.apache.org/maven2/org/apache/apache/3/apache-3.pom
Progress (1): 2.2/3.4 kB
Progress (1): 3.4 kB    
                    
Downloaded from central: https://repo.maven.apache.org/maven2/org/apache/apache/3/apache-3.pom (3.4 kB at 65 kB/s)
Downloading from central: https://repo.maven.apache.org/maven2/org/apache/maven/maven-core/2.0.6/maven-core-2.0.6.pom
Progress (1): 2.2/6.7 kB
Progress (1): 5.0/6.7 kB
Progress (1): 6.7 kB    
                    
Downloaded from central: https://repo.maven.apache.org/maven2/org/apache/maven/maven-core/2.0.6/maven-core-2.0.6.pom (6.7 kB at 132 kB/s)
Downloading from central: https://repo.maven.apache.org/maven2/org/apache/maven/maven-settings/2.0.6/maven-settings-2.0.6.pom
Progress (1): 2.0 kB
                    
Downloaded from central: https://repo.maven.apache.org/maven2/org/apache/maven/maven-settings/2.0.6/maven-settings-2.0.6.pom (2.0 kB at 41 kB/s)
Downloading from central: https://repo.maven.apache.org/maven2/org/apache/maven/maven-model/2.0.6/maven-model-2.0.6.pom
Progress (1): 2.2/3.0 kB
Progress (1): 3.0 kB    
                    
Downloaded from central: https://repo.maven.apache.org/maven2/org/apache/maven/maven-model/2.0.6/maven-model-2.0.6.pom (3.0 kB at 60 kB/s)
Downloading from central: https://repo.maven.apache.org/maven2/junit/junit/3.8.2/junit-3.8.2.pom
Progress (1): 747 B
                   
Downloaded from central: https://repo.maven.apache.org/maven2/junit/junit/3.8.2/junit-3.8.2.pom (747 B at 15 kB/s)
Downloading from central: https://repo.maven.apache.org/maven2/org/apache/maven/maven-plugin-parameter-documenter/2.0.6/maven-plugin-parameter-documenter-2.0.6.pom
Progress (1): 1.9 kB
                    
Downloaded from central: https://repo.maven.apache.org/maven2/org/apache/maven/maven-plugin-parameter-documenter/2.0.6/maven-plugin-parameter-documenter-2.0.6.pom (1.9 kB at 39 kB/s)
Downloading from central: https://repo.maven.apache.org/maven2/org/apache/maven/reporting/maven-reporting-api/2.0.6/maven-reporting-api-2.0.6.pom
Progress (1): 1.8 kB
                    
Downloaded from central: https://repo.maven.apache.org/maven2/org/apache/maven/reporting/maven-reporting-api/2.0.6/maven-reporting-api-2.0.6.pom (1.8 kB at 40 kB/s)
Downloading from central: https://repo.maven.apache.org/maven2/org/apache/maven/reporting/maven-reporting/2.0.6/maven-reporting-2.0.6.pom
Progress (1): 1.4 kB
                    
Downloaded from central: https://repo.maven.apache.org/maven2/org/apache/maven/reporting/maven-reporting/2.0.6/maven-reporting-2.0.6.pom (1.4 kB at 28 kB/s)
Downloading from central: https://repo.maven.apache.org/maven2/org/apache/maven/doxia/doxia-sink-api/1.0-alpha-7/doxia-sink-api-1.0-alpha-7.pom
Progress (1): 424 B
                   
Downloaded from central: https://repo.maven.apache.org/maven2/org/apache/maven/doxia/doxia-sink-api/1.0-alpha-7/doxia-sink-api-1.0-alpha-7.pom (424 B at 10 kB/s)
Downloading from central: https://repo.maven.apache.org/maven2/org/apache/maven/doxia/doxia/1.0-alpha-7/doxia-1.0-alpha-7.pom
Progress (1): 2.2/3.9 kB
Progress (1): 3.9 kB    
                    
Downloaded from central: https://repo.maven.apache.org/maven2/org/apache/maven/doxia/doxia/1.0-alpha-7/doxia-1.0-alpha-7.pom (3.9 kB at 63 kB/s)
Downloading from central: https://repo.maven.apache.org/maven2/org/apache/maven/maven-profile/2.0.6/maven-profile-2.0.6.pom
Progress (1): 2.0 kB
                    
Downloaded from central: https://repo.maven.apache.org/maven2/org/apache/maven/maven-profile/2.0.6/maven-profile-2.0.6.pom (2.0 kB at 35 kB/s)
Downloading from central: https://repo.maven.apache.org/maven2/org/apache/maven/maven-artifact/2.0.6/maven-artifact-2.0.6.pom
Progress (1): 1.6 kB
                    
Downloaded from central: https://repo.maven.apache.org/maven2/org/apache/maven/maven-artifact/2.0.6/maven-artifact-2.0.6.pom (1.6 kB at 32 kB/s)
Downloading from central: https://repo.maven.apache.org/maven2/org/apache/maven/maven-repository-metadata/2.0.6/maven-repository-metadata-2.0.6.pom
Progress (1): 1.9 kB
                    
Downloaded from central: https://repo.maven.apache.org/maven2/org/apache/maven/maven-repository-metadata/2.0.6/maven-repository-metadata-2.0.6.pom (1.9 kB at 32 kB/s)
Downloading from central: https://repo.maven.apache.org/maven2/org/apache/maven/maven-error-diagnostics/2.0.6/maven-error-diagnostics-2.0.6.pom
Progress (1): 1.7 kB
                    
Downloaded from central: https://repo.maven.apache.org/maven2/org/apache/maven/maven-error-diagnostics/2.0.6/maven-error-diagnostics-2.0.6.pom (1.7 kB at 35 kB/s)
Downloading from central: https://repo.maven.apache.org/maven2/org/apache/maven/maven-project/2.0.6/maven-project-2.0.6.pom
Progress (1): 2.2/2.6 kB
Progress (1): 2.6 kB    
                    
Downloaded from central: https://repo.maven.apache.org/maven2/org/apache/maven/maven-project/2.0.6/maven-project-2.0.6.pom (2.6 kB at 52 kB/s)
Downloading from central: https://repo.maven.apache.org/maven2/org/apache/maven/maven-artifact-manager/2.0.6/maven-artifact-manager-2.0.6.pom
Progress (1): 2.6 kB
                    
Downloaded from central: https://repo.maven.apache.org/maven2/org/apache/maven/maven-artifact-manager/2.0.6/maven-artifact-manager-2.0.6.pom (2.6 kB at 44 kB/s)
Downloading from central: https://repo.maven.apache.org/maven2/org/apache/maven/maven-plugin-registry/2.0.6/maven-plugin-registry-2.0.6.pom
Progress (1): 1.9 kB
                    
Downloaded from central: https://repo.maven.apache.org/maven2/org/apache/maven/maven-plugin-registry/2.0.6/maven-plugin-registry-2.0.6.pom (1.9 kB at 44 kB/s)
Downloading from central: https://repo.maven.apache.org/maven2/commons-cli/commons-cli/1.0/commons-cli-1.0.pom
Progress (1): 2.1 kB
                    
Downloaded from central: https://repo.maven.apache.org/maven2/commons-cli/commons-cli/1.0/commons-cli-1.0.pom (2.1 kB at 42 kB/s)
Downloading from central: https://repo.maven.apache.org/maven2/org/apache/maven/maven-plugin-api/2.0/maven-plugin-api-2.0.pom
Progress (1): 601 B
                   
Downloaded from central: https://repo.maven.apache.org/maven2/org/apache/maven/maven-plugin-api/2.0/maven-plugin-api-2.0.pom (601 B at 11 kB/s)
Downloading from central: https://repo.maven.apache.org/maven2/org/apache/maven/maven/2.0/maven-2.0.pom
Progress (1): 2.2/8.8 kB
Progress (1): 5.0/8.8 kB
Progress (1): 7.8/8.8 kB
Progress (1): 8.8 kB    
                    
Downloaded from central: https://repo.maven.apache.org/maven2/org/apache/maven/maven/2.0/maven-2.0.pom (8.8 kB at 129 kB/s)
Downloading from central: https://repo.maven.apache.org/maven2/org/apache/maven/maven-plugin-descriptor/2.0.6/maven-plugin-descriptor-2.0.6.pom
Progress (1): 2.0 kB
                    
Downloaded from central: https://repo.maven.apache.org/maven2/org/apache/maven/maven-plugin-descriptor/2.0.6/maven-plugin-descriptor-2.0.6.pom (2.0 kB at 39 kB/s)
Downloading from central: https://repo.maven.apache.org/maven2/org/codehaus/plexus/plexus-interactivity-api/1.0-alpha-4/plexus-interactivity-api-1.0-alpha-4.pom
Progress (1): 2.2/7.1 kB
Progress (1): 5.0/7.1 kB
Progress (1): 7.1 kB    
                    
Downloaded from central: https://repo.maven.apache.org/maven2/org/codehaus/plexus/plexus-interactivity-api/1.0-alpha-4/plexus-interactivity-api-1.0-alpha-4.pom (7.1 kB at 134 kB/s)
Downloading from central: https://repo.maven.apache.org/maven2/org/apache/maven/maven-monitor/2.0.6/maven-monitor-2.0.6.pom
Progress (1): 1.3 kB
                    
Downloaded from central: https://repo.maven.apache.org/maven2/org/apache/maven/maven-monitor/2.0.6/maven-monitor-2.0.6.pom (1.3 kB at 23 kB/s)
Downloading from central: https://repo.maven.apache.org/maven2/org/apache/maven/maven-plugin-api/2.0.6/maven-plugin-api-2.0.6.pom
Progress (1): 1.5 kB
                    
Downloaded from central: https://repo.maven.apache.org/maven2/org/apache/maven/maven-plugin-api/2.0.6/maven-plugin-api-2.0.6.pom (1.5 kB at 26 kB/s)
Downloading from central: https://repo.maven.apache.org/maven2/org/apache/commons/commons-exec/1.1/commons-exec-1.1.pom
Progress (1): 2.2/11 kB
Progress (1): 5.0/11 kB
Progress (1): 7.8/11 kB
Progress (1): 11/11 kB 
Progress (1): 11 kB   
                   
Downloaded from central: https://repo.maven.apache.org/maven2/org/apache/commons/commons-exec/1.1/commons-exec-1.1.pom (11 kB at 220 kB/s)
Downloading from central: https://repo.maven.apache.org/maven2/org/apache/maven/maven-toolchain/1.0/maven-toolchain-1.0.jar
Downloading from central: https://repo.maven.apache.org/maven2/org/apache/maven/maven-profile/2.0.6/maven-profile-2.0.6.jar
Downloading from central: https://repo.maven.apache.org/maven2/org/apache/maven/maven-settings/2.0.6/maven-settings-2.0.6.jar
Downloading from central: https://repo.maven.apache.org/maven2/org/apache/maven/maven-project/2.0.6/maven-project-2.0.6.jar
Downloading from central: https://repo.maven.apache.org/maven2/org/apache/maven/maven-plugin-registry/2.0.6/maven-plugin-registry-2.0.6.jar
Progress (1): 2.2/33 kB
Progress (1): 5.0/33 kB
Progress (1): 7.7/33 kB
Progress (1): 10/33 kB 
Progress (1): 13/33 kB
Progress (1): 16/33 kB
Progress (1): 19/33 kB
Progress (1): 21/33 kB
Progress (1): 24/33 kB
Progress (1): 27/33 kB
Progress (1): 30/33 kB
Progress (1): 32/33 kB
Progress (1): 33 kB   
                   
Downloaded from central: https://repo.maven.apache.org/maven2/org/apache/maven/maven-toolchain/1.0/maven-toolchain-1.0.jar (33 kB at 499 kB/s)
Downloading from central: https://repo.maven.apache.org/maven2/org/apache/maven/maven-model/2.0.6/maven-model-2.0.6.jar
Progress (1): 2.2/35 kB
Progress (1): 5.0/35 kB
Progress (1): 7.7/35 kB
Progress (2): 7.7/35 kB | 2.2/49 kB
Progress (3): 7.7/35 kB | 2.2/49 kB | 2.2/29 kB
Progress (3): 7.7/35 kB | 5.0/49 kB | 2.2/29 kB
Progress (3): 10/35 kB | 5.0/49 kB | 2.2/29 kB 
Progress (3): 10/35 kB | 7.7/49 kB | 2.2/29 kB
Progress (3): 10/35 kB | 7.7/49 kB | 5.0/29 kB
Progress (4): 10/35 kB | 7.7/49 kB | 5.0/29 kB | 2.2/86 kB
Progress (4): 10/35 kB | 7.7/49 kB | 7.7/29 kB | 2.2/86 kB
Progress (4): 10/35 kB | 10/49 kB | 7.7/29 kB | 2.2/86 kB 
Progress (4): 13/35 kB | 10/49 kB | 7.7/29 kB | 2.2/86 kB
Progress (4): 13/35 kB | 13/49 kB | 7.7/29 kB | 2.2/86 kB
Progress (4): 13/35 kB | 13/49 kB | 10/29 kB | 2.2/86 kB 
Progress (4): 13/35 kB | 13/49 kB | 10/29 kB | 5.0/86 kB
Progress (4): 13/35 kB | 13/49 kB | 13/29 kB | 5.0/86 kB
Progress (4): 13/35 kB | 13/49 kB | 13/29 kB | 7.7/86 kB
Progress (4): 13/35 kB | 13/49 kB | 13/29 kB | 10/86 kB 
Progress (4): 13/35 kB | 13/49 kB | 13/29 kB | 13/86 kB
Progress (4): 13/35 kB | 13/49 kB | 13/29 kB | 16/86 kB
Progress (4): 13/35 kB | 13/49 kB | 13/29 kB | 19/86 kB
Progress (4): 13/35 kB | 13/49 kB | 13/29 kB | 21/86 kB
Progress (4): 13/35 kB | 13/49 kB | 13/29 kB | 24/86 kB
Progress (4): 13/35 kB | 13/49 kB | 13/29 kB | 27/86 kB
Progress (4): 13/35 kB | 13/49 kB | 13/29 kB | 30/86 kB
Progress (4): 13/35 kB | 13/49 kB | 13/29 kB | 32/86 kB
Progress (4): 13/35 kB | 13/49 kB | 13/29 kB | 36/86 kB
Progress (4): 13/35 kB | 13/49 kB | 13/29 kB | 40/86 kB
Progress (4): 13/35 kB | 13/49 kB | 13/29 kB | 45/86 kB
Progress (4): 13/35 kB | 13/49 kB | 13/29 kB | 49/86 kB
Progress (4): 13/35 kB | 13/49 kB | 13/29 kB | 53/86 kB
Progress (4): 13/35 kB | 13/49 kB | 13/29 kB | 57/86 kB
Progress (4): 13/35 kB | 13/49 kB | 13/29 kB | 61/86 kB
Progress (4): 13/35 kB | 13/49 kB | 13/29 kB | 65/86 kB
Progress (4): 13/35 kB | 13/49 kB | 13/29 kB | 69/86 kB
Progress (4): 13/35 kB | 13/49 kB | 13/29 kB | 73/86 kB
Progress (4): 13/35 kB | 13/49 kB | 13/29 kB | 77/86 kB
Progress (4): 13/35 kB | 13/49 kB | 13/29 kB | 81/86 kB
Progress (4): 16/35 kB | 13/49 kB | 13/29 kB | 81/86 kB
Progress (4): 19/35 kB | 13/49 kB | 13/29 kB | 81/86 kB
Progress (4): 21/35 kB | 13/49 kB | 13/29 kB | 81/86 kB
Progress (4): 21/35 kB | 16/49 kB | 13/29 kB | 81/86 kB
Progress (4): 24/35 kB | 16/49 kB | 13/29 kB | 81/86 kB
Progress (4): 27/35 kB | 16/49 kB | 13/29 kB | 81/86 kB
Progress (4): 27/35 kB | 19/49 kB | 13/29 kB | 81/86 kB
Progress (4): 30/35 kB | 19/49 kB | 13/29 kB | 81/86 kB
Progress (4): 32/35 kB | 19/49 kB | 13/29 kB | 81/86 kB
Progress (4): 35/35 kB | 19/49 kB | 13/29 kB | 81/86 kB
Progress (4): 35 kB | 19/49 kB | 13/29 kB | 81/86 kB   
Progress (4): 35 kB | 21/49 kB | 13/29 kB | 81/86 kB
Progress (4): 35 kB | 21/49 kB | 16/29 kB | 81/86 kB
Progress (4): 35 kB | 21/49 kB | 16/29 kB | 85/86 kB
Progress (4): 35 kB | 24/49 kB | 16/29 kB | 85/86 kB
Progress (4): 35 kB | 24/49 kB | 16/29 kB | 86 kB   
Progress (4): 35 kB | 24/49 kB | 19/29 kB | 86 kB
Progress (4): 35 kB | 24/49 kB | 21/29 kB | 86 kB
Progress (4): 35 kB | 24/49 kB | 24/29 kB | 86 kB
Progress (4): 35 kB | 24/49 kB | 27/29 kB | 86 kB
Progress (4): 35 kB | 27/49 kB | 27/29 kB | 86 kB
Progress (4): 35 kB | 27/49 kB | 29 kB | 86 kB   
Progress (4): 35 kB | 30/49 kB | 29 kB | 86 kB
Progress (4): 35 kB | 32/49 kB | 29 kB | 86 kB
                                              
Downloaded from central: https://repo.maven.apache.org/maven2/org/apache/maven/maven-profile/2.0.6/maven-profile-2.0.6.jar (35 kB at 238 kB/s)
Downloading from central: https://repo.maven.apache.org/maven2/org/apache/maven/maven-artifact/2.0.6/maven-artifact-2.0.6.jar
Downloaded from central: https://repo.maven.apache.org/maven2/org/apache/maven/maven-model/2.0.6/maven-model-2.0.6.jar (86 kB at 580 kB/s)
Progress (2): 36/49 kB | 29 kB
                              
Downloading from central: https://repo.maven.apache.org/maven2/org/apache/maven/maven-artifact-manager/2.0.6/maven-artifact-manager-2.0.6.jar
Progress (2): 40/49 kB | 29 kB
Progress (2): 45/49 kB | 29 kB
Progress (2): 49/49 kB | 29 kB
Progress (2): 49 kB | 29 kB   
                           
Downloaded from central: https://repo.maven.apache.org/maven2/org/apache/maven/maven-plugin-registry/2.0.6/maven-plugin-registry-2.0.6.jar (29 kB at 188 kB/s)
Downloading from central: https://repo.maven.apache.org/maven2/org/apache/maven/maven-repository-metadata/2.0.6/maven-repository-metadata-2.0.6.jar
Downloaded from central: https://repo.maven.apache.org/maven2/org/apache/maven/maven-settings/2.0.6/maven-settings-2.0.6.jar (49 kB at 279 kB/s)
Downloading from central: https://repo.maven.apache.org/maven2/org/apache/maven/maven-core/2.0.6/maven-core-2.0.6.jar
Progress (1): 2.2/24 kB
Progress (1): 5.0/24 kB
Progress (2): 5.0/24 kB | 4.1/57 kB
Progress (2): 7.7/24 kB | 4.1/57 kB
Progress (2): 7.7/24 kB | 7.7/57 kB
Progress (2): 10/24 kB | 7.7/57 kB 
Progress (2): 10/24 kB | 12/57 kB 
Progress (3): 10/24 kB | 12/57 kB | 4.1/87 kB
Progress (3): 13/24 kB | 12/57 kB | 4.1/87 kB
Progress (3): 13/24 kB | 16/57 kB | 4.1/87 kB
Progress (3): 13/24 kB | 16/57 kB | 7.7/87 kB
Progress (3): 16/24 kB | 16/57 kB | 7.7/87 kB
Progress (3): 16/24 kB | 16/57 kB | 12/87 kB 
Progress (3): 16/24 kB | 16/57 kB | 16/87 kB
Progress (3): 19/24 kB | 16/57 kB | 16/87 kB
Progress (3): 19/24 kB | 20/57 kB | 16/87 kB
Progress (3): 21/24 kB | 20/57 kB | 16/87 kB
Progress (3): 21/24 kB | 24/57 kB | 16/87 kB
Progress (3): 21/24 kB | 24/57 kB | 20/87 kB
Progress (3): 21/24 kB | 28/57 kB | 20/87 kB
Progress (3): 24/24 kB | 28/57 kB | 20/87 kB
Progress (3): 24/24 kB | 32/57 kB | 20/87 kB
Progress (3): 24/24 kB | 32/57 kB | 24/87 kB
Progress (3): 24 kB | 32/57 kB | 24/87 kB   
Progress (3): 24 kB | 32/57 kB | 28/87 kB
Progress (3): 24 kB | 32/57 kB | 32/87 kB
Progress (3): 24 kB | 36/57 kB | 32/87 kB
Progress (3): 24 kB | 40/57 kB | 32/87 kB
Progress (3): 24 kB | 45/57 kB | 32/87 kB
Progress (3): 24 kB | 49/57 kB | 32/87 kB
Progress (3): 24 kB | 53/57 kB | 32/87 kB
Progress (3): 24 kB | 53/57 kB | 36/87 kB
Progress (3): 24 kB | 57 kB | 36/87 kB   
Progress (3): 24 kB | 57 kB | 40/87 kB
Progress (3): 24 kB | 57 kB | 45/87 kB
Progress (3): 24 kB | 57 kB | 49/87 kB
Progress (4): 24 kB | 57 kB | 49/87 kB | 2.2/116 kB
Progress (4): 24 kB | 57 kB | 49/87 kB | 5.0/116 kB
Progress (4): 24 kB | 57 kB | 53/87 kB | 5.0/116 kB
Progress (4): 24 kB | 57 kB | 53/87 kB | 7.7/116 kB
Progress (4): 24 kB | 57 kB | 57/87 kB | 7.7/116 kB
Progress (4): 24 kB | 57 kB | 57/87 kB | 10/116 kB 
Progress (4): 24 kB | 57 kB | 61/87 kB | 10/116 kB
Progress (4): 24 kB | 57 kB | 61/87 kB | 13/116 kB
Progress (4): 24 kB | 57 kB | 65/87 kB | 13/116 kB
Progress (4): 24 kB | 57 kB | 65/87 kB | 16/116 kB
Progress (5): 24 kB | 57 kB | 65/87 kB | 16/116 kB | 2.2/152 kB
Progress (5): 24 kB | 57 kB | 65/87 kB | 19/116 kB | 2.2/152 kB
Progress (5): 24 kB | 57 kB | 69/87 kB | 19/116 kB | 2.2/152 kB
Progress (5): 24 kB | 57 kB | 69/87 kB | 21/116 kB | 2.2/152 kB
                                                               
Downloaded from central: https://repo.maven.apache.org/maven2/org/apache/maven/maven-artifact-manager/2.0.6/maven-artifact-manager-2.0.6.jar (57 kB at 272 kB/s)
Downloading from central: https://repo.maven.apache.org/maven2/org/apache/maven/maven-plugin-parameter-documenter/2.0.6/maven-plugin-parameter-documenter-2.0.6.jar
Progress (4): 24 kB | 69/87 kB | 21/116 kB | 5.0/152 kB
Progress (4): 24 kB | 69/87 kB | 24/116 kB | 5.0/152 kB
                                                       
Downloaded from central: https://repo.maven.apache.org/maven2/org/apache/maven/maven-repository-metadata/2.0.6/maven-repository-metadata-2.0.6.jar (24 kB at 117 kB/s)
Progress (3): 73/87 kB | 24/116 kB | 5.0/152 kB
                                               
Downloading from central: https://repo.maven.apache.org/maven2/org/apache/maven/reporting/maven-reporting-api/2.0.6/maven-reporting-api-2.0.6.jar
Progress (3): 73/87 kB | 27/116 kB | 5.0/152 kB
Progress (3): 73/87 kB | 27/116 kB | 7.7/152 kB
Progress (3): 77/87 kB | 27/116 kB | 7.7/152 kB
Progress (3): 77/87 kB | 27/116 kB | 10/152 kB 
Progress (3): 77/87 kB | 30/116 kB | 10/152 kB
Progress (3): 81/87 kB | 30/116 kB | 10/152 kB
Progress (3): 81/87 kB | 30/116 kB | 13/152 kB
Progress (3): 85/87 kB | 30/116 kB | 13/152 kB
Progress (3): 85/87 kB | 30/116 kB | 16/152 kB
Progress (3): 87 kB | 30/116 kB | 16/152 kB   
Progress (3): 87 kB | 30/116 kB | 19/152 kB
Progress (3): 87 kB | 30/116 kB | 21/152 kB
Progress (3): 87 kB | 30/116 kB | 24/152 kB
Progress (3): 87 kB | 30/116 kB | 27/152 kB
Progress (3): 87 kB | 30/116 kB | 30/152 kB
Progress (3): 87 kB | 30/116 kB | 32/152 kB
Progress (3): 87 kB | 32/116 kB | 32/152 kB
Progress (3): 87 kB | 32/116 kB | 36/152 kB
Progress (3): 87 kB | 32/116 kB | 40/152 kB
Progress (3): 87 kB | 32/116 kB | 45/152 kB
Progress (3): 87 kB | 32/116 kB | 49/152 kB
Progress (4): 87 kB | 32/116 kB | 49/152 kB | 2.2/21 kB
Progress (5): 87 kB | 32/116 kB | 49/152 kB | 2.2/21 kB | 4.1/9.9 kB
Progress (5): 87 kB | 32/116 kB | 49/152 kB | 5.0/21 kB | 4.1/9.9 kB
Progress (5): 87 kB | 32/116 kB | 53/152 kB | 5.0/21 kB | 4.1/9.9 kB
Progress (5): 87 kB | 32/116 kB | 53/152 kB | 5.0/21 kB | 7.7/9.9 kB
Progress (5): 87 kB | 32/116 kB | 57/152 kB | 5.0/21 kB | 7.7/9.9 kB
Progress (5): 87 kB | 32/116 kB | 57/152 kB | 7.7/21 kB | 7.7/9.9 kB
Progress (5): 87 kB | 32/116 kB | 61/152 kB | 7.7/21 kB | 7.7/9.9 kB
Progress (5): 87 kB | 32/116 kB | 61/152 kB | 7.7/21 kB | 9.9 kB    
Progress (5): 87 kB | 32/116 kB | 65/152 kB | 7.7/21 kB | 9.9 kB
Progress (5): 87 kB | 32/116 kB | 65/152 kB | 10/21 kB | 9.9 kB 
Progress (5): 87 kB | 32/116 kB | 65/152 kB | 13/21 kB | 9.9 kB
Progress (5): 87 kB | 32/116 kB | 69/152 kB | 13/21 kB | 9.9 kB
Progress (5): 87 kB | 32/116 kB | 69/152 kB | 16/21 kB | 9.9 kB
Progress (5): 87 kB | 32/116 kB | 73/152 kB | 16/21 kB | 9.9 kB
Progress (5): 87 kB | 32/116 kB | 73/152 kB | 19/21 kB | 9.9 kB
Progress (5): 87 kB | 32/116 kB | 77/152 kB | 19/21 kB | 9.9 kB
Progress (5): 87 kB | 32/116 kB | 77/152 kB | 21 kB | 9.9 kB   
Progress (5): 87 kB | 32/116 kB | 81/152 kB | 21 kB | 9.9 kB
                                                            
Downloaded from central: https://repo.maven.apache.org/maven2/org/apache/maven/maven-artifact/2.0.6/maven-artifact-2.0.6.jar (87 kB at 361 kB/s)
Progress (4): 32/116 kB | 85/152 kB | 21 kB | 9.9 kB
                                                    
Downloading from central: https://repo.maven.apache.org/maven2/org/apache/maven/doxia/doxia-sink-api/1.0-alpha-7/doxia-sink-api-1.0-alpha-7.jar
Progress (4): 32/116 kB | 90/152 kB | 21 kB | 9.9 kB
Progress (4): 36/116 kB | 90/152 kB | 21 kB | 9.9 kB
Progress (4): 36/116 kB | 94/152 kB | 21 kB | 9.9 kB
Progress (4): 40/116 kB | 94/152 kB | 21 kB | 9.9 kB
Progress (4): 40/116 kB | 98/152 kB | 21 kB | 9.9 kB
Progress (4): 45/116 kB | 98/152 kB | 21 kB | 9.9 kB
Progress (4): 49/116 kB | 98/152 kB | 21 kB | 9.9 kB
Progress (4): 49/116 kB | 102/152 kB | 21 kB | 9.9 kB
Progress (4): 49/116 kB | 106/152 kB | 21 kB | 9.9 kB
Progress (4): 49/116 kB | 110/152 kB | 21 kB | 9.9 kB
Progress (4): 49/116 kB | 114/152 kB | 21 kB | 9.9 kB
Progress (4): 49/116 kB | 118/152 kB | 21 kB | 9.9 kB
Progress (4): 49/116 kB | 122/152 kB | 21 kB | 9.9 kB
Progress (4): 49/116 kB | 126/152 kB | 21 kB | 9.9 kB
Progress (4): 49/116 kB | 131/152 kB | 21 kB | 9.9 kB
Progress (4): 53/116 kB | 131/152 kB | 21 kB | 9.9 kB
Progress (4): 57/116 kB | 131/152 kB | 21 kB | 9.9 kB
Progress (4): 61/116 kB | 131/152 kB | 21 kB | 9.9 kB
Progress (4): 65/116 kB | 131/152 kB | 21 kB | 9.9 kB
Progress (4): 65/116 kB | 135/152 kB | 21 kB | 9.9 kB
Progress (4): 65/116 kB | 139/152 kB | 21 kB | 9.9 kB
Progress (4): 65/116 kB | 143/152 kB | 21 kB | 9.9 kB
Progress (4): 65/116 kB | 147/152 kB | 21 kB | 9.9 kB
Progress (4): 65/116 kB | 151/152 kB | 21 kB | 9.9 kB
Progress (4): 65/116 kB | 152 kB | 21 kB | 9.9 kB    
Progress (4): 69/116 kB | 152 kB | 21 kB | 9.9 kB
Progress (4): 73/116 kB | 152 kB | 21 kB | 9.9 kB
Progress (4): 77/116 kB | 152 kB | 21 kB | 9.9 kB
Progress (4): 81/116 kB | 152 kB | 21 kB | 9.9 kB
                                                 
Downloaded from central: https://repo.maven.apache.org/maven2/org/apache/maven/reporting/maven-reporting-api/2.0.6/maven-reporting-api-2.0.6.jar (9.9 kB at 38 kB/s)
Downloading from central: https://repo.maven.apache.org/maven2/org/apache/maven/maven-error-diagnostics/2.0.6/maven-error-diagnostics-2.0.6.jar
Downloaded from central: https://repo.maven.apache.org/maven2/org/apache/maven/maven-plugin-parameter-documenter/2.0.6/maven-plugin-parameter-documenter-2.0.6.jar (21 kB at 78 kB/s)
Downloading from central: https://repo.maven.apache.org/maven2/commons-cli/commons-cli/1.0/commons-cli-1.0.jar
Progress (3): 81/116 kB | 152 kB | 2.2/5.9 kB
Progress (3): 81/116 kB | 152 kB | 5.0/5.9 kB
Progress (3): 81/116 kB | 152 kB | 5.9 kB    
Progress (3): 85/116 kB | 152 kB | 5.9 kB
Progress (3): 90/116 kB | 152 kB | 5.9 kB
Progress (3): 94/116 kB | 152 kB | 5.9 kB
Progress (3): 98/116 kB | 152 kB | 5.9 kB
Progress (3): 102/116 kB | 152 kB | 5.9 kB
Progress (3): 106/116 kB | 152 kB | 5.9 kB
Progress (3): 110/116 kB | 152 kB | 5.9 kB
Progress (3): 114/116 kB | 152 kB | 5.9 kB
Progress (3): 116 kB | 152 kB | 5.9 kB    
                                      
Downloaded from central: https://repo.maven.apache.org/maven2/org/apache/maven/maven-core/2.0.6/maven-core-2.0.6.jar (152 kB at 534 kB/s)
Progress (3): 116 kB | 5.9 kB | 2.2/14 kB
                                         
Downloading from central: https://repo.maven.apache.org/maven2/org/apache/maven/maven-plugin-descriptor/2.0.6/maven-plugin-descriptor-2.0.6.jar
Progress (3): 116 kB | 5.9 kB | 5.0/14 kB
Progress (3): 116 kB | 5.9 kB | 7.7/14 kB
Progress (3): 116 kB | 5.9 kB | 10/14 kB 
Progress (3): 116 kB | 5.9 kB | 13/14 kB
Progress (3): 116 kB | 5.9 kB | 14 kB   
                                     
Downloaded from central: https://repo.maven.apache.org/maven2/org/apache/maven/doxia/doxia-sink-api/1.0-alpha-7/doxia-sink-api-1.0-alpha-7.jar (5.9 kB at 21 kB/s)
Downloading from central: https://repo.maven.apache.org/maven2/org/codehaus/plexus/plexus-interactivity-api/1.0-alpha-4/plexus-interactivity-api-1.0-alpha-4.jar
Progress (3): 116 kB | 14 kB | 4.1/30 kB
Progress (3): 116 kB | 14 kB | 7.7/30 kB
Progress (3): 116 kB | 14 kB | 12/30 kB 
Progress (3): 116 kB | 14 kB | 16/30 kB
Progress (3): 116 kB | 14 kB | 20/30 kB
Progress (3): 116 kB | 14 kB | 24/30 kB
Progress (3): 116 kB | 14 kB | 28/30 kB
Progress (3): 116 kB | 14 kB | 30 kB   
Progress (4): 116 kB | 14 kB | 30 kB | 4.1/37 kB
Progress (4): 116 kB | 14 kB | 30 kB | 7.7/37 kB
Progress (4): 116 kB | 14 kB | 30 kB | 12/37 kB 
Progress (4): 116 kB | 14 kB | 30 kB | 16/37 kB
                                               
Downloaded from central: https://repo.maven.apache.org/maven2/org/apache/maven/maven-error-diagnostics/2.0.6/maven-error-diagnostics-2.0.6.jar (14 kB at 44 kB/s)
Downloaded from central: https://repo.maven.apache.org/maven2/commons-cli/commons-cli/1.0/commons-cli-1.0.jar (30 kB at 97 kB/s)
Downloading from central: https://repo.maven.apache.org/maven2/org/apache/maven/maven-monitor/2.0.6/maven-monitor-2.0.6.jar
Downloading from central: https://repo.maven.apache.org/maven2/org/apache/maven/maven-plugin-api/2.0.6/maven-plugin-api-2.0.6.jar
Progress (2): 116 kB | 20/37 kB
Progress (2): 116 kB | 24/37 kB
Progress (2): 116 kB | 28/37 kB
Progress (2): 116 kB | 32/37 kB
Progress (2): 116 kB | 36/37 kB
Progress (2): 116 kB | 37 kB   
Progress (3): 116 kB | 37 kB | 2.2/13 kB
Progress (3): 116 kB | 37 kB | 5.0/13 kB
Progress (3): 116 kB | 37 kB | 7.7/13 kB
Progress (3): 116 kB | 37 kB | 10/13 kB 
Progress (3): 116 kB | 37 kB | 13/13 kB
Progress (3): 116 kB | 37 kB | 13 kB   
                                    
Downloaded from central: https://repo.maven.apache.org/maven2/org/apache/maven/maven-plugin-descriptor/2.0.6/maven-plugin-descriptor-2.0.6.jar (37 kB at 111 kB/s)
Progress (3): 116 kB | 13 kB | 4.1/10 kB
                                        
Downloading from central: https://repo.maven.apache.org/maven2/org/codehaus/plexus/plexus-utils/2.0.5/plexus-utils-2.0.5.jar
Progress (3): 116 kB | 13 kB | 7.7/10 kB
Progress (3): 116 kB | 13 kB | 10 kB    
Progress (4): 116 kB | 13 kB | 10 kB | 2.2/13 kB
Progress (4): 116 kB | 13 kB | 10 kB | 5.0/13 kB
Progress (4): 116 kB | 13 kB | 10 kB | 7.7/13 kB
Progress (4): 116 kB | 13 kB | 10 kB | 10/13 kB 
Progress (4): 116 kB | 13 kB | 10 kB | 13 kB   
                                            
Downloaded from central: https://repo.maven.apache.org/maven2/org/codehaus/plexus/plexus-interactivity-api/1.0-alpha-4/plexus-interactivity-api-1.0-alpha-4.jar (13 kB at 39 kB/s)
Downloading from central: https://repo.maven.apache.org/maven2/org/codehaus/plexus/plexus-container-default/1.0-alpha-9/plexus-container-default-1.0-alpha-9.jar
Downloaded from central: https://repo.maven.apache.org/maven2/org/apache/maven/maven-project/2.0.6/maven-project-2.0.6.jar (116 kB at 331 kB/s)
Downloading from central: https://repo.maven.apache.org/maven2/org/apache/commons/commons-exec/1.1/commons-exec-1.1.jar
Downloaded from central: https://repo.maven.apache.org/maven2/org/apache/maven/maven-monitor/2.0.6/maven-monitor-2.0.6.jar (10 kB at 29 kB/s)
Progress (2): 13 kB | 4.1/223 kB
Progress (2): 13 kB | 7.7/223 kB
                                
Downloaded from central: https://repo.maven.apache.org/maven2/org/apache/maven/maven-plugin-api/2.0.6/maven-plugin-api-2.0.6.jar (13 kB at 36 kB/s)
Progress (1): 12/223 kB
Progress (1): 16/223 kB
Progress (1): 20/223 kB
Progress (1): 24/223 kB
Progress (1): 28/223 kB
Progress (1): 32/223 kB
Progress (1): 36/223 kB
Progress (1): 40/223 kB
Progress (1): 45/223 kB
Progress (1): 49/223 kB
Progress (1): 53/223 kB
Progress (1): 57/223 kB
Progress (1): 61/223 kB
Progress (1): 65/223 kB
Progress (1): 69/223 kB
Progress (1): 73/223 kB
Progress (1): 77/223 kB
Progress (1): 81/223 kB
Progress (1): 85/223 kB
Progress (1): 90/223 kB
Progress (1): 94/223 kB
Progress (1): 98/223 kB
Progress (2): 98/223 kB | 2.2/195 kB
Progress (2): 98/223 kB | 5.0/195 kB
Progress (2): 98/223 kB | 7.7/195 kB
Progress (2): 98/223 kB | 10/195 kB 
Progress (2): 98/223 kB | 13/195 kB
Progress (2): 98/223 kB | 16/195 kB
Progress (2): 98/223 kB | 19/195 kB
Progress (2): 98/223 kB | 21/195 kB
Progress (2): 98/223 kB | 24/195 kB
Progress (2): 98/223 kB | 27/195 kB
Progress (2): 98/223 kB | 30/195 kB
Progress (3): 98/223 kB | 30/195 kB | 4.1/53 kB
Progress (3): 98/223 kB | 30/195 kB | 7.7/53 kB
Progress (3): 98/223 kB | 30/195 kB | 12/53 kB 
Progress (3): 98/223 kB | 32/195 kB | 12/53 kB
Progress (3): 98/223 kB | 32/195 kB | 16/53 kB
Progress (3): 98/223 kB | 32/195 kB | 20/53 kB
Progress (3): 98/223 kB | 32/195 kB | 24/53 kB
Progress (3): 98/223 kB | 32/195 kB | 28/53 kB
Progress (3): 98/223 kB | 32/195 kB | 32/53 kB
Progress (3): 98/223 kB | 32/195 kB | 36/53 kB
Progress (3): 98/223 kB | 36/195 kB | 36/53 kB
Progress (3): 98/223 kB | 36/195 kB | 40/53 kB
Progress (3): 98/223 kB | 40/195 kB | 40/53 kB
Progress (3): 98/223 kB | 40/195 kB | 45/53 kB
Progress (3): 98/223 kB | 45/195 kB | 45/53 kB
Progress (3): 98/223 kB | 45/195 kB | 49/53 kB
Progress (3): 98/223 kB | 49/195 kB | 49/53 kB
Progress (3): 98/223 kB | 49/195 kB | 53 kB   
Progress (3): 98/223 kB | 53/195 kB | 53 kB
Progress (3): 98/223 kB | 57/195 kB | 53 kB
Progress (3): 98/223 kB | 61/195 kB | 53 kB
Progress (3): 98/223 kB | 65/195 kB | 53 kB
Progress (3): 102/223 kB | 65/195 kB | 53 kB
Progress (3): 106/223 kB | 65/195 kB | 53 kB
Progress (3): 110/223 kB | 65/195 kB | 53 kB
Progress (3): 114/223 kB | 65/195 kB | 53 kB
Progress (3): 114/223 kB | 69/195 kB | 53 kB
Progress (3): 118/223 kB | 69/195 kB | 53 kB
Progress (3): 118/223 kB | 73/195 kB | 53 kB
Progress (3): 122/223 kB | 73/195 kB | 53 kB
Progress (3): 122/223 kB | 77/195 kB | 53 kB
Progress (3): 126/223 kB | 77/195 kB | 53 kB
Progress (3): 126/223 kB | 81/195 kB | 53 kB
Progress (3): 131/223 kB | 81/195 kB | 53 kB
Progress (3): 135/223 kB | 81/195 kB | 53 kB
Progress (3): 139/223 kB | 81/195 kB | 53 kB
Progress (3): 143/223 kB | 81/195 kB | 53 kB
Progress (3): 147/223 kB | 81/195 kB | 53 kB
Progress (3): 151/223 kB | 81/195 kB | 53 kB
Progress (3): 155/223 kB | 81/195 kB | 53 kB
Progress (3): 159/223 kB | 81/195 kB | 53 kB
Progress (3): 163/223 kB | 81/195 kB | 53 kB
Progress (3): 163/223 kB | 85/195 kB | 53 kB
Progress (3): 163/223 kB | 90/195 kB | 53 kB
Progress (3): 163/223 kB | 94/195 kB | 53 kB
Progress (3): 163/223 kB | 98/195 kB | 53 kB
Progress (3): 167/223 kB | 98/195 kB | 53 kB
Progress (3): 171/223 kB | 98/195 kB | 53 kB
Progress (3): 176/223 kB | 98/195 kB | 53 kB
Progress (3): 180/223 kB | 98/195 kB | 53 kB
Progress (3): 180/223 kB | 102/195 kB | 53 kB
Progress (3): 180/223 kB | 106/195 kB | 53 kB
Progress (3): 180/223 kB | 110/195 kB | 53 kB
Progress (3): 184/223 kB | 110/195 kB | 53 kB
Progress (3): 184/223 kB | 114/195 kB | 53 kB
Progress (3): 188/223 kB | 114/195 kB | 53 kB
Progress (3): 192/223 kB | 114/195 kB | 53 kB
Progress (3): 196/223 kB | 114/195 kB | 53 kB
Progress (3): 200/223 kB | 114/195 kB | 53 kB
Progress (3): 204/223 kB | 114/195 kB | 53 kB
Progress (3): 208/223 kB | 114/195 kB | 53 kB
Progress (3): 212/223 kB | 114/195 kB | 53 kB
Progress (3): 212/223 kB | 118/195 kB | 53 kB
Progress (3): 212/223 kB | 122/195 kB | 53 kB
Progress (3): 217/223 kB | 122/195 kB | 53 kB
Progress (3): 217/223 kB | 126/195 kB | 53 kB
Progress (3): 221/223 kB | 126/195 kB | 53 kB
Progress (3): 221/223 kB | 131/195 kB | 53 kB
Progress (3): 223 kB | 131/195 kB | 53 kB    
Progress (3): 223 kB | 135/195 kB | 53 kB
Progress (3): 223 kB | 139/195 kB | 53 kB
Progress (3): 223 kB | 143/195 kB | 53 kB
Progress (3): 223 kB | 147/195 kB | 53 kB
Progress (3): 223 kB | 151/195 kB | 53 kB
Progress (3): 223 kB | 155/195 kB | 53 kB
Progress (3): 223 kB | 159/195 kB | 53 kB
Progress (3): 223 kB | 163/195 kB | 53 kB
Progress (3): 223 kB | 167/195 kB | 53 kB
Progress (3): 223 kB | 171/195 kB | 53 kB
Progress (3): 223 kB | 176/195 kB | 53 kB
Progress (3): 223 kB | 180/195 kB | 53 kB
                                         
Downloaded from central: https://repo.maven.apache.org/maven2/org/codehaus/plexus/plexus-utils/2.0.5/plexus-utils-2.0.5.jar (223 kB at 542 kB/s)
Progress (2): 184/195 kB | 53 kB
Progress (2): 188/195 kB | 53 kB
Progress (2): 192/195 kB | 53 kB
Progress (2): 195 kB | 53 kB    
                            
Downloaded from central: https://repo.maven.apache.org/maven2/org/apache/commons/commons-exec/1.1/commons-exec-1.1.jar (53 kB at 118 kB/s)
Downloaded from central: https://repo.maven.apache.org/maven2/org/codehaus/plexus/plexus-container-default/1.0-alpha-9/plexus-container-default-1.0-alpha-9.jar (195 kB at 427 kB/s)
Hello World!
[[1;34mINFO[m] [1m------------------------------------------------------------------------[m
[[1;34mINFO[m] [1;32mBUILD SUCCESS[m
[[1;34mINFO[m] [1m------------------------------------------------------------------------[m
[[1;34mINFO[m] Total time:  3.359 s
[[1;34mINFO[m] Finished at: 2020-02-13T00:05:18-06:00
[[1;34mINFO[m] [1m------------------------------------------------------------------------[m
bash-3.2$ mc[Kvn compile
[[1;34mINFO[m] Scanning for projects...
[[1;34mINFO[m] 
[[1;34mINFO[m] [1m---------------------< [0;36mcom.mycompany.app:app-name[0;1m >---------------------[m
[[1;34mINFO[m] [1mBuilding app-name 1.0-SNAPSHOT[m
[[1;34mINFO[m] [1m--------------------------------[ jar ]---------------------------------[m
[[1;34mINFO[m] 
[[1;34mINFO[m] [1m--- [0;32mmaven-resources-plugin:3.0.2:resources[m [1m(default-resources)[m @ [36mapp-name[0;1m ---[m
[[1;34mINFO[m] Using 'UTF-8' encoding to copy filtered resources.
[[1;34mINFO[m] skip non existing resourceDirectory /Users/diaoqinyu/Desktop/EE461L/tutorial_3/tutorial_maven/app-name/src/main/resources
[[1;34mINFO[m] 
[[1;34mINFO[m] [1m--- [0;32mmaven-compiler-plugin:3.8.0:compile[m [1m(default-compile)[m @ [36mapp-name[0;1m ---[m
[[1;34mINFO[m] Nothing to compile - all classes are up to date
[[1;34mINFO[m] [1m------------------------------------------------------------------------[m
[[1;34mINFO[m] [1;32mBUILD SUCCESS[m
[[1;34mINFO[m] [1m------------------------------------------------------------------------[m
[[1;34mINFO[m] Total time:  0.525 s
[[1;34mINFO[m] Finished at: 2020-02-13T00:05:35-06:00
[[1;34mINFO[m] [1m------------------------------------------------------------------------[m
bash-3.2$ mvn exec:java
[[1;34mINFO[m] Scanning for projects...
[[1;34mINFO[m] 
[[1;34mINFO[m] [1m---------------------< [0;36mcom.mycompany.app:app-name[0;1m >---------------------[m
[[1;34mINFO[m] [1mBuilding app-name 1.0-SNAPSHOT[m
[[1;34mINFO[m] [1m--------------------------------[ jar ]---------------------------------[m
[[1;34mINFO[m] 
[[1;34mINFO[m] [1m>>> [0;32mexec-maven-plugin:1.2.1:java[m [1m(default-cli)[0;1m > [0;1mvalidate[m @ [36mapp-name[0;1m >>>[m
[[1;34mINFO[m] 
[[1;34mINFO[m] [1m<<< [0;32mexec-maven-plugin:1.2.1:java[m [1m(default-cli)[0;1m < [0;1mvalidate[m @ [36mapp-name[0;1m <<<[m
[[1;34mINFO[m] 
[[1;34mINFO[m] 
[[1;34mINFO[m] [1m--- [0;32mexec-maven-plugin:1.2.1:java[m [1m(default-cli)[m @ [36mapp-name[0;1m ---[m
Hello World!
[[1;34mINFO[m] [1m------------------------------------------------------------------------[m
[[1;34mINFO[m] [1;32mBUILD SUCCESS[m
[[1;34mINFO[m] [1m------------------------------------------------------------------------[m
[[1;34mINFO[m] Total time:  0.397 s
[[1;34mINFO[m] Finished at: 2020-02-13T00:05:42-06:00
[[1;34mINFO[m] [1m------------------------------------------------------------------------[m
bash-3.2$ exit
exit

Script done on Thu Feb 13 00:11:06 2020

Script started on Wed Feb 19 16:36:10 2020
[?1034hbash-3.2$ who am i
diaoqinyu ttys003  Feb 19 16:36 
bash-3.2$ mvn validate
[[1;34mINFO[m] Scanning for projects...
[[1;33mWARNING[m] 
[[1;33mWARNING[m] Some problems were encountered while building the effective model for org.ee461l.tutorial:tutmaven:jar:1.0
[[1;33mWARNING[m] 'dependencies.dependency.systemPath' for commons:math:jar should not point at files within the project directory, ${basedir}/lib/commons-math-2.2.jar will be unresolvable by dependent projects @ line 33, column 19
[[1;33mWARNING[m] 
[[1;33mWARNING[m] It is highly recommended to fix these problems because they threaten the stability of your build.
[[1;33mWARNING[m] 
[[1;33mWARNING[m] For this reason, future Maven versions might no longer support building such malformed projects.
[[1;33mWARNING[m] 
[[1;34mINFO[m] 
[[1;34mINFO[m] [1m--------------------< [0;36morg.ee461l.tutorial:tutmaven[0;1m >--------------------[m
[[1;34mINFO[m] [1mBuilding tutmaven 1.0[m
[[1;34mINFO[m] [1m--------------------------------[ jar ]---------------------------------[m
[[1;34mINFO[m] [1m------------------------------------------------------------------------[m
[[1;34mINFO[m] [1;32mBUILD SUCCESS[m
[[1;34mINFO[m] [1m------------------------------------------------------------------------[m
[[1;34mINFO[m] Total time:  0.062 s
[[1;34mINFO[m] Finished at: 2020-02-19T16:36:19-06:00
[[1;34mINFO[m] [1m------------------------------------------------------------------------[m
bash-3.2$ mvn compile
[[1;34mINFO[m] Scanning for projects...
[[1;33mWARNING[m] 
[[1;33mWARNING[m] Some problems were encountered while building the effective model for org.ee461l.tutorial:tutmaven:jar:1.0
[[1;33mWARNING[m] 'dependencies.dependency.systemPath' for commons:math:jar should not point at files within the project directory, ${basedir}/lib/commons-math-2.2.jar will be unresolvable by dependent projects @ line 33, column 19
[[1;33mWARNING[m] 
[[1;33mWARNING[m] It is highly recommended to fix these problems because they threaten the stability of your build.
[[1;33mWARNING[m] 
[[1;33mWARNING[m] For this reason, future Maven versions might no longer support building such malformed projects.
[[1;33mWARNING[m] 
[[1;34mINFO[m] 
[[1;34mINFO[m] [1m--------------------< [0;36morg.ee461l.tutorial:tutmaven[0;1m >--------------------[m
[[1;34mINFO[m] [1mBuilding tutmaven 1.0[m
[[1;34mINFO[m] [1m--------------------------------[ jar ]---------------------------------[m
[[1;34mINFO[m] 
[[1;34mINFO[m] [1m--- [0;32mmaven-resources-plugin:3.0.2:resources[m [1m(default-resources)[m @ [36mtutmaven[0;1m ---[m
[[1;34mINFO[m] Using 'UTF-8' encoding to copy filtered resources.
[[1;34mINFO[m] skip non existing resourceDirectory /Users/diaoqinyu/Desktop/EE461L/tutorial_3/tutorial_maven/app-name/src/main/resources
[[1;34mINFO[m] 
[[1;34mINFO[m] [1m--- [0;32mmaven-compiler-plugin:3.8.0:compile[m [1m(default-compile)[m @ [36mtutmaven[0;1m ---[m
[[1;34mINFO[m] Nothing to compile - all classes are up to date
[[1;34mINFO[m] [1m------------------------------------------------------------------------[m
[[1;34mINFO[m] [1;32mBUILD SUCCESS[m
[[1;34mINFO[m] [1m------------------------------------------------------------------------[m
[[1;34mINFO[m] Total time:  0.423 s
[[1;34mINFO[m] Finished at: 2020-02-19T16:36:24-06:00
[[1;34mINFO[m] [1m------------------------------------------------------------------------[m
bash-3.2$ mvn test
[[1;34mINFO[m] Scanning for projects...
[[1;33mWARNING[m] 
[[1;33mWARNING[m] Some problems were encountered while building the effective model for org.ee461l.tutorial:tutmaven:jar:1.0
[[1;33mWARNING[m] 'dependencies.dependency.systemPath' for commons:math:jar should not point at files within the project directory, ${basedir}/lib/commons-math-2.2.jar will be unresolvable by dependent projects @ line 33, column 19
[[1;33mWARNING[m] 
[[1;33mWARNING[m] It is highly recommended to fix these problems because they threaten the stability of your build.
[[1;33mWARNING[m] 
[[1;33mWARNING[m] For this reason, future Maven versions might no longer support building such malformed projects.
[[1;33mWARNING[m] 
[[1;34mINFO[m] 
[[1;34mINFO[m] [1m--------------------< [0;36morg.ee461l.tutorial:tutmaven[0;1m >--------------------[m
[[1;34mINFO[m] [1mBuilding tutmaven 1.0[m
[[1;34mINFO[m] [1m--------------------------------[ jar ]---------------------------------[m
[[1;34mINFO[m] 
[[1;34mINFO[m] [1m--- [0;32mmaven-resources-plugin:3.0.2:resources[m [1m(default-resources)[m @ [36mtutmaven[0;1m ---[m
[[1;34mINFO[m] Using 'UTF-8' encoding to copy filtered resources.
[[1;34mINFO[m] skip non existing resourceDirectory /Users/diaoqinyu/Desktop/EE461L/tutorial_3/tutorial_maven/app-name/src/main/resources
[[1;34mINFO[m] 
[[1;34mINFO[m] [1m--- [0;32mmaven-compiler-plugin:3.8.0:compile[m [1m(default-compile)[m @ [36mtutmaven[0;1m ---[m
[[1;34mINFO[m] Nothing to compile - all classes are up to date
[[1;34mINFO[m] 
[[1;34mINFO[m] [1m--- [0;32mmaven-resources-plugin:3.0.2:testResources[m [1m(default-testResources)[m @ [36mtutmaven[0;1m ---[m
[[1;34mINFO[m] Using 'UTF-8' encoding to copy filtered resources.
[[1;34mINFO[m] skip non existing resourceDirectory /Users/diaoqinyu/Desktop/EE461L/tutorial_3/tutorial_maven/app-name/src/test/resources
[[1;34mINFO[m] 
[[1;34mINFO[m] [1m--- [0;32mmaven-compiler-plugin:3.8.0:testCompile[m [1m(default-testCompile)[m @ [36mtutmaven[0;1m ---[m
[[1;34mINFO[m] Changes detected - recompiling the module!
[[1;34mINFO[m] Compiling 1 source file to /Users/diaoqinyu/Desktop/EE461L/tutorial_3/tutorial_maven/app-name/target/test-classes
[[1;34mINFO[m] 
[[1;34mINFO[m] [1m--- [0;32mmaven-surefire-plugin:2.22.1:test[m [1m(default-test)[m @ [36mtutmaven[0;1m ---[m
[[1;34mINFO[m] 
[[1;34mINFO[m] -------------------------------------------------------
[[1;34mINFO[m]  T E S T S
[[1;34mINFO[m] -------------------------------------------------------
[[1;34mINFO[m] Running com.mycompany.app.[1mAppTest[m
[[1;34mINFO[m] [1;32mTests run: [0;1;32m1[m, Failures: 0, Errors: 0, Skipped: 0, Time elapsed: 0.021 s - in com.mycompany.app.[1mAppTest[m
[[1;34mINFO[m] 
[[1;34mINFO[m] Results:
[[1;34mINFO[m] 
[[1;34mINFO[m] [1;32mTests run: 1, Failures: 0, Errors: 0, Skipped: 0[m
[[1;34mINFO[m] 
[[1;34mINFO[m] [1m------------------------------------------------------------------------[m
[[1;34mINFO[m] [1;32mBUILD SUCCESS[m
[[1;34mINFO[m] [1m------------------------------------------------------------------------[m
[[1;34mINFO[m] Total time:  1.592 s
[[1;34mINFO[m] Finished at: 2020-02-19T16:36:31-06:00
[[1;34mINFO[m] [1m------------------------------------------------------------------------[m
bash-3.2$ mvn verify
[[1;34mINFO[m] Scanning for projects...
[[1;33mWARNING[m] 
[[1;33mWARNING[m] Some problems were encountered while building the effective model for org.ee461l.tutorial:tutmaven:jar:1.0
[[1;33mWARNING[m] 'dependencies.dependency.systemPath' for commons:math:jar should not point at files within the project directory, ${basedir}/lib/commons-math-2.2.jar will be unresolvable by dependent projects @ line 33, column 19
[[1;33mWARNING[m] 
[[1;33mWARNING[m] It is highly recommended to fix these problems because they threaten the stability of your build.
[[1;33mWARNING[m] 
[[1;33mWARNING[m] For this reason, future Maven versions might no longer support building such malformed projects.
[[1;33mWARNING[m] 
[[1;34mINFO[m] 
[[1;34mINFO[m] [1m--------------------< [0;36morg.ee461l.tutorial:tutmaven[0;1m >--------------------[m
[[1;34mINFO[m] [1mBuilding tutmaven 1.0[m
[[1;34mINFO[m] [1m--------------------------------[ jar ]---------------------------------[m
[[1;34mINFO[m] 
[[1;34mINFO[m] [1m--- [0;32mmaven-resources-plugin:3.0.2:resources[m [1m(default-resources)[m @ [36mtutmaven[0;1m ---[m
[[1;34mINFO[m] Using 'UTF-8' encoding to copy filtered resources.
[[1;34mINFO[m] skip non existing resourceDirectory /Users/diaoqinyu/Desktop/EE461L/tutorial_3/tutorial_maven/app-name/src/main/resources
[[1;34mINFO[m] 
[[1;34mINFO[m] [1m--- [0;32mmaven-compiler-plugin:3.8.0:compile[m [1m(default-compile)[m @ [36mtutmaven[0;1m ---[m
[[1;34mINFO[m] Nothing to compile - all classes are up to date
[[1;34mINFO[m] 
[[1;34mINFO[m] [1m--- [0;32mmaven-resources-plugin:3.0.2:testResources[m [1m(default-testResources)[m @ [36mtutmaven[0;1m ---[m
[[1;34mINFO[m] Using 'UTF-8' encoding to copy filtered resources.
[[1;34mINFO[m] skip non existing resourceDirectory /Users/diaoqinyu/Desktop/EE461L/tutorial_3/tutorial_maven/app-name/src/test/resources
[[1;34mINFO[m] 
[[1;34mINFO[m] [1m--- [0;32mmaven-compiler-plugin:3.8.0:testCompile[m [1m(default-testCompile)[m @ [36mtutmaven[0;1m ---[m
[[1;34mINFO[m] Changes detected - recompiling the module!
[[1;34mINFO[m] Compiling 1 source file to /Users/diaoqinyu/Desktop/EE461L/tutorial_3/tutorial_maven/app-name/target/test-classes
[[1;34mINFO[m] 
[[1;34mINFO[m] [1m--- [0;32mmaven-surefire-plugin:2.22.1:test[m [1m(default-test)[m @ [36mtutmaven[0;1m ---[m
[[1;34mINFO[m] 
[[1;34mINFO[m] -------------------------------------------------------
[[1;34mINFO[m]  T E S T S
[[1;34mINFO[m] -------------------------------------------------------
[[1;34mINFO[m] Running com.mycompany.app.[1mAppTest[m
[[1;34mINFO[m] [1;32mTests run: [0;1;32m1[m, Failures: 0, Errors: 0, Skipped: 0, Time elapsed: 0.021 s - in com.mycompany.app.[1mAppTest[m
[[1;34mINFO[m] 
[[1;34mINFO[m] Results:
[[1;34mINFO[m] 
[[1;34mINFO[m] [1;32mTests run: 1, Failures: 0, Errors: 0, Skipped: 0[m
[[1;34mINFO[m] 
[[1;34mINFO[m] 
[[1;34mINFO[m] [1m--- [0;32mmaven-jar-plugin:3.0.2:jar[m [1m(default-jar)[m @ [36mtutmaven[0;1m ---[m
[[1;34mINFO[m] [1m------------------------------------------------------------------------[m
[[1;34mINFO[m] [1;32mBUILD SUCCESS[m
[[1;34mINFO[m] [1m------------------------------------------------------------------------[m
[[1;34mINFO[m] Total time:  1.669 s
[[1;34mINFO[m] Finished at: 2020-02-19T16:36:36-06:00
[[1;34mINFO[m] [1m------------------------------------------------------------------------[m
bash-3.2$ mvn package
[[1;34mINFO[m] Scanning for projects...
[[1;33mWARNING[m] 
[[1;33mWARNING[m] Some problems were encountered while building the effective model for org.ee461l.tutorial:tutmaven:jar:1.0
[[1;33mWARNING[m] 'dependencies.dependency.systemPath' for commons:math:jar should not point at files within the project directory, ${basedir}/lib/commons-math-2.2.jar will be unresolvable by dependent projects @ line 33, column 19
[[1;33mWARNING[m] 
[[1;33mWARNING[m] It is highly recommended to fix these problems because they threaten the stability of your build.
[[1;33mWARNING[m] 
[[1;33mWARNING[m] For this reason, future Maven versions might no longer support building such malformed projects.
[[1;33mWARNING[m] 
[[1;34mINFO[m] 
[[1;34mINFO[m] [1m--------------------< [0;36morg.ee461l.tutorial:tutmaven[0;1m >--------------------[m
[[1;34mINFO[m] [1mBuilding tutmaven 1.0[m
[[1;34mINFO[m] [1m--------------------------------[ jar ]---------------------------------[m
[[1;34mINFO[m] 
[[1;34mINFO[m] [1m--- [0;32mmaven-resources-plugin:3.0.2:resources[m [1m(default-resources)[m @ [36mtutmaven[0;1m ---[m
[[1;34mINFO[m] Using 'UTF-8' encoding to copy filtered resources.
[[1;34mINFO[m] skip non existing resourceDirectory /Users/diaoqinyu/Desktop/EE461L/tutorial_3/tutorial_maven/app-name/src/main/resources
[[1;34mINFO[m] 
[[1;34mINFO[m] [1m--- [0;32mmaven-compiler-plugin:3.8.0:compile[m [1m(default-compile)[m @ [36mtutmaven[0;1m ---[m
[[1;34mINFO[m] Nothing to compile - all classes are up to date
[[1;34mINFO[m] 
[[1;34mINFO[m] [1m--- [0;32mmaven-resources-plugin:3.0.2:testResources[m [1m(default-testResources)[m @ [36mtutmaven[0;1m ---[m
[[1;34mINFO[m] Using 'UTF-8' encoding to copy filtered resources.
[[1;34mINFO[m] skip non existing resourceDirectory /Users/diaoqinyu/Desktop/EE461L/tutorial_3/tutorial_maven/app-name/src/test/resources
[[1;34mINFO[m] 
[[1;34mINFO[m] [1m--- [0;32mmaven-compiler-plugin:3.8.0:testCompile[m [1m(default-testCompile)[m @ [36mtutmaven[0;1m ---[m
[[1;34mINFO[m] Changes detected - recompiling the module!
[[1;34mINFO[m] Compiling 1 source file to /Users/diaoqinyu/Desktop/EE461L/tutorial_3/tutorial_maven/app-name/target/test-classes
[[1;34mINFO[m] 
[[1;34mINFO[m] [1m--- [0;32mmaven-surefire-plugin:2.22.1:test[m [1m(default-test)[m @ [36mtutmaven[0;1m ---[m
[[1;34mINFO[m] 
[[1;34mINFO[m] -------------------------------------------------------
[[1;34mINFO[m]  T E S T S
[[1;34mINFO[m] -------------------------------------------------------
[[1;34mINFO[m] Running com.mycompany.app.[1mAppTest[m
[[1;34mINFO[m] [1;32mTests run: [0;1;32m1[m, Failures: 0, Errors: 0, Skipped: 0, Time elapsed: 0.022 s - in com.mycompany.app.[1mAppTest[m
[[1;34mINFO[m] 
[[1;34mINFO[m] Results:
[[1;34mINFO[m] 
[[1;34mINFO[m] [1;32mTests run: 1, Failures: 0, Errors: 0, Skipped: 0[m
[[1;34mINFO[m] 
[[1;34mINFO[m] 
[[1;34mINFO[m] [1m--- [0;32mmaven-jar-plugin:3.0.2:jar[m [1m(default-jar)[m @ [36mtutmaven[0;1m ---[m
[[1;34mINFO[m] [1m------------------------------------------------------------------------[m
[[1;34mINFO[m] [1;32mBUILD SUCCESS[m
[[1;34mINFO[m] [1m------------------------------------------------------------------------[m
[[1;34mINFO[m] Total time:  1.660 s
[[1;34mINFO[m] Finished at: 2020-02-19T16:36:42-06:00
[[1;34mINFO[m] [1m------------------------------------------------------------------------[m
bash-3.2$ mvn package[1Pverify[2Ptestcompilevalidate
[C[C[C[C[C[C[C[C[C[C[4Pwho am i[4Pexitmvn compile[3Pwho am i[4Pexitwho am i[4Pexitmvn sitejava -jar target/tutmaven-1.0.jar 
------------------------------------------------------------
CircleCalc v1.0

Calculates and prints information for a user-supplied radius
------------------------------------------------------------
Enter the circle's radius: 
5

Circle properties:
	Radius: 5.0
	Diameter: 31.41592653589793
	Area: 31.41592653589793
	Arc length at 1.57 radian: 7.8500000000000005
	Arc length at 90 degrees: 7.853981633974483
	Sector area at 1.57 radian: 19.625
	Sector area at 90 degrees: 19.634954084936208
bash-3.2$ mvn site
[[1;34mINFO[m] Scanning for projects...
[[1;33mWARNING[m] 
[[1;33mWARNING[m] Some problems were encountered while building the effective model for org.ee461l.tutorial:tutmaven:jar:1.0
[[1;33mWARNING[m] 'dependencies.dependency.systemPath' for commons:math:jar should not point at files within the project directory, ${basedir}/lib/commons-math-2.2.jar will be unresolvable by dependent projects @ line 33, column 19
[[1;33mWARNING[m] 
[[1;33mWARNING[m] It is highly recommended to fix these problems because they threaten the stability of your build.
[[1;33mWARNING[m] 
[[1;33mWARNING[m] For this reason, future Maven versions might no longer support building such malformed projects.
[[1;33mWARNING[m] 
[[1;34mINFO[m] 
[[1;34mINFO[m] [1m--------------------< [0;36morg.ee461l.tutorial:tutmaven[0;1m >--------------------[m
[[1;34mINFO[m] [1mBuilding tutmaven 1.0[m
[[1;34mINFO[m] [1m--------------------------------[ jar ]---------------------------------[m
[[1;34mINFO[m] 
[[1;34mINFO[m] [1m--- [0;32mmaven-site-plugin:3.7.1:site[m [1m(default-site)[m @ [36mtutmaven[0;1m ---[m
[[1;34mINFO[m] configuring report plugin org.apache.maven.plugins:maven-project-info-reports-plugin:3.0.0
[[1;34mINFO[m] 15 reports detected for maven-project-info-reports-plugin:3.0.0: ci-management, dependencies, dependency-info, dependency-management, distribution-management, index, issue-management, licenses, mailing-lists, modules, plugin-management, plugins, scm, summary, team
[[1;34mINFO[m] [1mRendering site with default locale English (en)[m
[[1;34mINFO[m] Relativizing decoration links with respect to localized project URL: http://www.example.com
[[1;34mINFO[m] Rendering content with [1morg.apache.maven.skins:maven-default-skin:jar:1.2 skin[m.
[[1;34mINFO[m] Generating "[1mDependencies[m" report [1m --- [0;32mmaven-project-info-reports-plugin:3.0.0:dependencies[m
[[1;33mWARNING[m] Artifact commons:math:jar:2.2 has no file and won't be listed in dependency files details.
[[1;34mINFO[m] Generating "[1mDependency Information[m" report[1m --- [0;32mmaven-project-info-reports-plugin:3.0.0:dependency-info[m
[[1;34mINFO[m] Generating "[1mAbout[m" report        [1m --- [0;32mmaven-project-info-reports-plugin:3.0.0:index[m
[[1;34mINFO[m] Generating "[1mPlugin Management[m" report[1m --- [0;32mmaven-project-info-reports-plugin:3.0.0:plugin-management[m
[[1;34mINFO[m] Generating "[1mPlugins[m" report      [1m --- [0;32mmaven-project-info-reports-plugin:3.0.0:plugins[m
[[1;34mINFO[m] Generating "[1mSummary[m" report      [1m --- [0;32mmaven-project-info-reports-plugin:3.0.0:summary[m
[[1;34mINFO[m] [1m------------------------------------------------------------------------[m
[[1;34mINFO[m] [1;32mBUILD SUCCESS[m
[[1;34mINFO[m] [1m------------------------------------------------------------------------[m
[[1;34mINFO[m] Total time:  1.596 s
[[1;34mINFO[m] Finished at: 2020-02-19T16:37:03-06:00
[[1;34mINFO[m] [1m------------------------------------------------------------------------[m
bash-3.2$ exit
exit

Script done on Wed Feb 19 16:37:07 2020
